Archive member included to satisfy reference by file (symbol)

.\CortexM3\ARM_GCC_541\Debug\Pot_Control.a(ADC_SAR_1.o)
                              .\CortexM3\ARM_GCC_541\Debug\main.o (ADC_SAR_1_Start)
.\CortexM3\ARM_GCC_541\Debug\Pot_Control.a(ADC_SAR_1_INT.o)
                              .\CortexM3\ARM_GCC_541\Debug\Pot_Control.a(ADC_SAR_1.o) (ADC_SAR_1_ISR)
.\CortexM3\ARM_GCC_541\Debug\Pot_Control.a(PWM_1.o)
                              .\CortexM3\ARM_GCC_541\Debug\main.o (PWM_1_WriteCompare)
.\CortexM3\ARM_GCC_541\Debug\Pot_Control.a(CyLib.o)
                              .\CortexM3\ARM_GCC_541\Debug\Cm3Start.o (CyHalt)
.\CortexM3\ARM_GCC_541\Debug\Pot_Control.a(cyPm.o)
                              .\CortexM3\ARM_GCC_541\Debug\Pot_Control.a(CyLib.o) (CyPmReadStatus)
.\CortexM3\ARM_GCC_541\Debug\Pot_Control.a(LCD_Char_1.o)
                              .\CortexM3\ARM_GCC_541\Debug\main.o (LCD_Char_1_PrintString)
.\CortexM3\ARM_GCC_541\Debug\Pot_Control.a(PWM_2.o)
                              .\CortexM3\ARM_GCC_541\Debug\main.o (PWM_2_WriteCompare)
.\CortexM3\ARM_GCC_541\Debug\Pot_Control.a(ADC_SAR_2.o)
                              .\CortexM3\ARM_GCC_541\Debug\main.o (ADC_SAR_2_Start)
.\CortexM3\ARM_GCC_541\Debug\Pot_Control.a(ADC_SAR_2_INT.o)
                              .\CortexM3\ARM_GCC_541\Debug\Pot_Control.a(ADC_SAR_2.o) (ADC_SAR_2_ISR)
.\CortexM3\ARM_GCC_541\Debug\Pot_Control.a(ADC_DelSig_1.o)
                              .\CortexM3\ARM_GCC_541\Debug\main.o (ADC_DelSig_1_Start)
.\CortexM3\ARM_GCC_541\Debug\Pot_Control.a(ADC_DelSig_1_INT.o)
                              .\CortexM3\ARM_GCC_541\Debug\Pot_Control.a(ADC_DelSig_1.o) (ADC_DelSig_1_ISR1)
.\CortexM3\ARM_GCC_541\Debug\Pot_Control.a(A.o)
                              .\CortexM3\ARM_GCC_541\Debug\main.o (A_Write)
.\CortexM3\ARM_GCC_541\Debug\Pot_Control.a(B.o)
                              .\CortexM3\ARM_GCC_541\Debug\main.o (B_Write)
.\CortexM3\ARM_GCC_541\Debug\Pot_Control.a(C.o)
                              .\CortexM3\ARM_GCC_541\Debug\main.o (C_Write)
.\CortexM3\ARM_GCC_541\Debug\Pot_Control.a(D.o)
                              .\CortexM3\ARM_GCC_541\Debug\main.o (D_Write)
.\CortexM3\ARM_GCC_541\Debug\Pot_Control.a(ADC_DelSig_1_Ext_CP_Clk.o)
                              .\CortexM3\ARM_GCC_541\Debug\Pot_Control.a(ADC_DelSig_1.o) (ADC_DelSig_1_Ext_CP_Clk_SetModeRegister)
.\CortexM3\ARM_GCC_541\Debug\Pot_Control.a(ADC_DelSig_1_AMux.o)
                              .\CortexM3\ARM_GCC_541\Debug\Pot_Control.a(ADC_DelSig_1.o) (ADC_DelSig_1_AMux_Select)
.\CortexM3\ARM_GCC_541\Debug\Pot_Control.a(PWM_3.o)
                              .\CortexM3\ARM_GCC_541\Debug\main.o (PWM_3_WriteCompare)
.\CortexM3\ARM_GCC_541\Debug\Pot_Control.a(CapSense_CSD.o)
                              .\CortexM3\ARM_GCC_541\Debug\main.o (CapSense_CSD_IsBusy)
.\CortexM3\ARM_GCC_541\Debug\Pot_Control.a(CapSense_CSD_CSHL.o)
                              .\CortexM3\ARM_GCC_541\Debug\main.o (CapSense_CSD_InitializeAllBaselines)
.\CortexM3\ARM_GCC_541\Debug\Pot_Control.a(CapSense_CSD_INT.o)
                              .\CortexM3\ARM_GCC_541\Debug\Pot_Control.a(CapSense_CSD.o) (CapSense_CSD_IsrCH0_ISR)
.\CortexM3\ARM_GCC_541\Debug\Pot_Control.a(CapSense_CSD_CompCH0.o)
                              .\CortexM3\ARM_GCC_541\Debug\Pot_Control.a(CapSense_CSD.o) (CapSense_CSD_CompCH0_Enable)
.\CortexM3\ARM_GCC_541\Debug\Pot_Control.a(CapSense_CSD_IdacCH0.o)
                              .\CortexM3\ARM_GCC_541\Debug\Pot_Control.a(CapSense_CSD.o) (CapSense_CSD_IdacCH0_Enable)
.\CortexM3\ARM_GCC_541\Debug\Pot_Control.a(CapSense_CSD_AMuxCH0.o)
                              .\CortexM3\ARM_GCC_541\Debug\Pot_Control.a(CapSense_CSD.o) (CapSense_CSD_AMuxCH0_Init)
.\CortexM3\ARM_GCC_541\Debug\Pot_Control.a(CapSense_CSD_IntClock.o)
                              .\CortexM3\ARM_GCC_541\Debug\Pot_Control.a(CapSense_CSD.o) (CapSense_CSD_IntClock_Start)
.\CortexM3\ARM_GCC_541\Debug\Pot_Control.a(CyBootAsmGnu.o)
                              .\CortexM3\ARM_GCC_541\Debug\cyfitter_cfg.o (CyDelayCycles)
.\CortexM3\ARM_GCC_541\Debug\Pot_Control.a(CyFlash.o)
                              .\CortexM3\ARM_GCC_541\Debug\Pot_Control.a(cyPm.o) (CyFlash_SetWaitCycles)
.\CortexM3\ARM_GCC_541\Debug\Pot_Control.a(CySpc.o)
                              .\CortexM3\ARM_GCC_541\Debug\Pot_Control.a(CyFlash.o) (CySpcStart)
c:/program files (x86)/cypress/psoc creator/4.2/psoc creator/import/gnu/arm/5.4.1/bin/../lib/gcc/arm-none-eabi/5.4.1/armv7-m\libgcc.a(_arm_addsubdf3.o)
                              .\CortexM3\ARM_GCC_541\Debug\Pot_Control.a(ADC_DelSig_1.o) (__aeabi_f2d)
c:/program files (x86)/cypress/psoc creator/4.2/psoc creator/import/gnu/arm/5.4.1/bin/../lib/gcc/arm-none-eabi/5.4.1/armv7-m\libgcc.a(_arm_cmpdf2.o)
                              .\CortexM3\ARM_GCC_541\Debug\Pot_Control.a(ADC_DelSig_1.o) (__aeabi_dcmpgt)
[...]
Memory Configuration

Name             Origin             Length             Attributes
rom              0x00000000         0x00040000         xr
ram              0x1fff8000         0x00010000         xrw
*default*        0x00000000         0xffffffff

Linker script and memory map

LOAD c:/program files (x86)/cypress/psoc creator/4.2/psoc creator/import/gnu/arm/5.4.1/bin/../lib/gcc/arm-none-eabi/5.4.1/armv7-m/crti.o
LOAD c:/program files (x86)/cypress/psoc creator/4.2/psoc creator/import/gnu/arm/5.4.1/bin/../lib/gcc/arm-none-eabi/5.4.1/armv7-m/crtbegin.o
LOAD c:/program files (x86)/cypress/psoc creator/4.2/psoc creator/import/gnu/arm/5.4.1/bin/../lib/gcc/arm-none-eabi/5.4.1/../../../../arm-none-eabi/lib/armv7-m/crt0.o
START GROUP
LOAD .\CortexM3\ARM_GCC_541\Debug\main.o
LOAD .\CortexM3\ARM_GCC_541\Debug\cyfitter_cfg.o
LOAD .\CortexM3\ARM_GCC_541\Debug\cymetadata.o
LOAD .\CortexM3\ARM_GCC_541\Debug\Cm3Start.o
LOAD .\CortexM3\ARM_GCC_541\Debug\Pot_Control.a
LOAD C:\Program Files (x86)\Cypress\PSoC Creator\4.2\PSoC Creator\psoc\content\CyComponentLibrary\CyComponentLibrary.cylib\CapSense_CSD_v3_50\Library\CapSenseLibrary_GCC.a
LOAD C:\Program Files (x86)\Cypress\PSoC Creator\4.2\PSoC Creator\psoc\content\cycomponentlibrary\CyComponentLibrary.cylib\CortexM3\ARM_GCC_541\Debug\CyComponentLibrary.a
END GROUP
START GROUP
LOAD c:/program files (x86)/cypress/psoc creator/4.2/psoc creator/import/gnu/arm/5.4.1/bin/../lib/gcc/arm-none-eabi/5.4.1/armv7-m\libgcc.a
LOAD c:/program files (x86)/cypress/psoc creator/4.2/psoc creator/import/gnu/arm/5.4.1/bin/../lib/gcc/arm-none-eabi/5.4.1/../../../../arm-none-eabi/lib/armv7-m\libg_nano.a
LOAD c:/program files (x86)/cypress/psoc creator/4.2/psoc creator/import/gnu/arm/5.4.1/bin/../lib/gcc/arm-none-eabi/5.4.1/../../../../arm-none-eabi/lib/armv7-m\libc_nano.a
END GROUP
START GROUP
LOAD c:/program files (x86)/cypress/psoc creator/4.2/psoc creator/import/gnu/arm/5.4.1/bin/../lib/gcc/arm-none-eabi/5.4.1/armv7-m\libgcc.a
LOAD c:/program files (x86)/cypress/psoc creator/4.2/psoc creator/import/gnu/arm/5.4.1/bin/../lib/gcc/arm-none-eabi/5.4.1/../../../../arm-none-eabi/lib/armv7-m\libc_nano.a
END GROUP
LOAD c:/program files (x86)/cypress/psoc creator/4.2/psoc creator/import/gnu/arm/5.4.1/bin/../lib/gcc/arm-none-eabi/5.4.1/armv7-m/crtend.o
LOAD c:/program files (x86)/cypress/psoc creator/4.2/psoc creator/import/gnu/arm/5.4.1/bin/../lib/gcc/arm-none-eabi/5.4.1/armv7-m/crtn.o
START GROUP
LOAD c:/program files (x86)/cypress/psoc creator/4.2/psoc creator/import/gnu/arm/5.4.1/bin/../lib/gcc/arm-none-eabi/5.4.1/armv7-m\libgcc.a
LOAD c:/program files (x86)/cypress/psoc creator/4.2/psoc creator/import/gnu/arm/5.4.1/bin/../lib/gcc/arm-none-eabi/5.4.1/../../../../arm-none-eabi/lib/armv7-m\libc.a
LOAD c:/program files (x86)/cypress/psoc creator/4.2/psoc creator/import/gnu/arm/5.4.1/bin/../lib/gcc/arm-none-eabi/5.4.1/../../../../arm-none-eabi/lib/armv7-m\libnosys.a
END GROUP
                0x00000000                CY_APPL_ORIGIN = 0x0
                0x00000100                CY_FLASH_ROW_SIZE = 0x100
                0x00000020                CY_ECC_ROW_SIZE = 0x20
                0x00000000                CY_EE_IN_BTLDR = 0x0
                0x00000000                CY_APPL_LOADABLE = 0x0
                0x00000800                CY_EE_SIZE = 0x800
                0x00000001                CY_APPL_NUM = 0x1
                0x00000001                CY_APPL_MAX = 0x1
                0x00000040                CY_METADATA_SIZE = 0x40
                0x00000000                CY_APPL_LOADABLE = 0x0
                0x00000000                CY_CHECKSUM_EXCLUDE_SIZE = ALIGN (0x0, CY_FLASH_ROW_SIZE)
                [!provide]                PROVIDE (__cy_heap_start, _end)
                0x00000001                PROVIDE (__cy_region_num, ((__cy_regions_end - __cy_regions) / 0x10))
                0x20008000                PROVIDE (__cy_stack, (ORIGIN (ram) + LENGTH (ram)))
                [!provide]                PROVIDE (__cy_heap_end, (__cy_stack - 0x800))

.cybootloader   0x00000000        0x0
 *(.cybootloader)
                0x00000000                appl1_start = CY_APPL_ORIGIN?CY_APPL_ORIGIN:ALIGN (CY_FLASH_ROW_SIZE)
                0x0001ff00                appl2_start = (appl1_start + ALIGN ((((LENGTH (rom) - appl1_start) - (0x2 * CY_FLASH_ROW_SIZE)) / 0x2), CY_FLASH_ROW_SIZE))
                0x00000000                appl_start = (CY_APPL_NUM == 0x1)?appl1_start:appl2_start
                0x00000000                ecc_offset = ((appl_start / CY_FLASH_ROW_SIZE) * CY_ECC_ROW_SIZE)
                0x00000000                ee_offset = (CY_APPL_LOADABLE && ! (CY_EE_IN_BTLDR))?((CY_EE_SIZE / CY_APPL_MAX) * (CY_APPL_NUM - 0x1)):0x0
                0x00000800                ee_size = (CY_APPL_LOADABLE && ! (CY_EE_IN_BTLDR))?(CY_EE_SIZE / CY_APPL_MAX):CY_EE_SIZE
                [!provide]                PROVIDE (CY_ECC_OFFSET, ecc_offset)

.text           0x00000000     0x27f0
 CREATE_OBJECT_SYMBOLS
                0x00000000                PROVIDE (__cy_interrupt_vector, RomVectors)
 *(.romvectors)
 .romvectors    0x00000000       0x10 .\CortexM3\ARM_GCC_541\Debug\Cm3Start.o
                0x00000000                RomVectors
                0x00000001                ASSERT ((. != __cy_interrupt_vector), No interrupt vector)
                0x00000001                ASSERT (CY_APPL_ORIGIN?(SIZEOF (.cybootloader) <= CY_APPL_ORIGIN):0x1, Wrong image location)
                0x00000010                PROVIDE (__cy_reset, Reset)
 *(.text.Reset)
 .text.Reset    0x00000010       0x18 .\CortexM3\ARM_GCC_541\Debug\Cm3Start.o
                0x00000010                Reset
                0x00000001                ASSERT ((. != __cy_reset), No reset code)
 *(.dma_init)
                0x00000001                ASSERT ((((appl_start + .) <= 0x10000) || 0x1), DMA Init must be within the first 64k of flash)
 *(.text .text.* .gnu.linkonce.t.*)
 .text          0x00000028       0x5c c:/program files (x86)/cypress/psoc creator/4.2/psoc creator/import/gnu/arm/5.4.1/bin/../lib/gcc/arm-none-eabi/5.4.1/armv7-m/crtbegin.o
 .text.CapSense_DisplayState
                0x00000084       0x14 .\CortexM3\ARM_GCC_541\Debug\main.o
                0x00000084                CapSense_DisplayState
 .text.stepper  0x00000098       0x28 .\CortexM3\ARM_GCC_541\Debug\main.o
                0x00000098                stepper
 .text.range_map
                0x000000c0       0x18 .\CortexM3\ARM_GCC_541\Debug\main.o
                0x000000c0                range_map
 .text.main     0x000000d8      0x220 .\CortexM3\ARM_GCC_541\Debug\main.o
                0x000000d8                main
 .text.CyClockStartupError
                0x000002f8        0x4 .\CortexM3\ARM_GCC_541\Debug\cyfitter_cfg.o
 .text.cfg_write_bytes32
                0x000002fc       0x34 .\CortexM3\ARM_GCC_541\Debug\cyfitter_cfg.o
 .text.CYMEMZERO
                0x00000330        0xc .\CortexM3\ARM_GCC_541\Debug\cyfitter_cfg.o
 .text.AnalogSetDefault
                0x0000033c       0xbc .\CortexM3\ARM_GCC_541\Debug\cyfitter_cfg.o
 .text.CYCONFIGCPY
                0x000003f8        0x8 .\CortexM3\ARM_GCC_541\Debug\cyfitter_cfg.o
 .text.ClockSetup
                0x00000400       0xfc .\CortexM3\ARM_GCC_541\Debug\cyfitter_cfg.o
 .text.ADC_DelSig_1_AMux_Set
                0x000004fc       0x1c .\CortexM3\ARM_GCC_541\Debug\cyfitter_cfg.o
                0x000004fc                ADC_DelSig_1_AMux_Set
 .text.ADC_DelSig_1_AMux_Unset
                0x00000518       0x1c .\CortexM3\ARM_GCC_541\Debug\cyfitter_cfg.o
                0x00000518                ADC_DelSig_1_AMux_Unset
 .text.CapSense_CSD_AMuxCH0_Set
                0x00000534       0x20 .\CortexM3\ARM_GCC_541\Debug\cyfitter_cfg.o
                0x00000534                CapSense_CSD_AMuxCH0_Set
 .text.CapSense_CSD_AMuxCH0_Unset
                0x00000554       0x20 .\CortexM3\ARM_GCC_541\Debug\cyfitter_cfg.o
                0x00000554                CapSense_CSD_AMuxCH0_Unset
 .text.cyfitter_cfg
                0x00000574      0x16c .\CortexM3\ARM_GCC_541\Debug\cyfitter_cfg.o
                0x00000574                cyfitter_cfg
 .text.IntDefaultHandler
                0x000006e0       0x10 .\CortexM3\ARM_GCC_541\Debug\Cm3Start.o
                0x000006e0                IntDefaultHandler
 .text._sbrk    0x000006f0       0x30 .\CortexM3\ARM_GCC_541\Debug\Cm3Start.o
                0x000006f0                _sbrk
 .text.Start_c  0x00000720       0x4c .\CortexM3\ARM_GCC_541\Debug\Cm3Start.o
                0x00000720                Start_c
 .text.initialize_psoc
                0x0000076c       0x68 .\CortexM3\ARM_GCC_541\Debug\Cm3Start.o
                0x0000076c                initialize_psoc
 .text.ADC_SAR_1_CalcGain
                0x000007d4       0x64 .\CortexM3\ARM_GCC_541\Debug\Pot_Control.a(ADC_SAR_1.o)
 .text.ADC_SAR_1_Enable
                0x00000838       0x80 .\CortexM3\ARM_GCC_541\Debug\Pot_Control.a(ADC_SAR_1.o)
                0x00000838                ADC_SAR_1_Enable
 .text.ADC_SAR_1_SetResolution
                0x000008b8       0x38 .\CortexM3\ARM_GCC_541\Debug\Pot_Control.a(ADC_SAR_1.o)
                0x000008b8                ADC_SAR_1_SetResolution
 .text.ADC_SAR_1_Init
                0x000008f0       0x38 .\CortexM3\ARM_GCC_541\Debug\Pot_Control.a(ADC_SAR_1.o)
                0x000008f0                ADC_SAR_1_Init
 .text.ADC_SAR_1_Start
                0x00000928       0x1c .\CortexM3\ARM_GCC_541\Debug\Pot_Control.a(ADC_SAR_1.o)
                0x00000928                ADC_SAR_1_Start
 .text.ADC_SAR_1_StartConvert
                0x00000944       0x10 .\CortexM3\ARM_GCC_541\Debug\Pot_Control.a(ADC_SAR_1.o)
                0x00000944                ADC_SAR_1_StartConvert
 .text.ADC_SAR_1_IsEndConversion
                0x00000954       0x24 .\CortexM3\ARM_GCC_541\Debug\Pot_Control.a(ADC_SAR_1.o)
                0x00000954                ADC_SAR_1_IsEndConversion
 .text.ADC_SAR_1_GetResult8
                0x00000978       0x18 .\CortexM3\ARM_GCC_541\Debug\Pot_Control.a(ADC_SAR_1.o)
                0x00000978                ADC_SAR_1_GetResult8
 .text.ADC_SAR_1_ISR
                0x00000990        0x4 .\CortexM3\ARM_GCC_541\Debug\Pot_Control.a(ADC_SAR_1_INT.o)
                0x00000990                ADC_SAR_1_ISR
 .text.PWM_1_Enable
                0x00000994       0x10 .\CortexM3\ARM_GCC_541\Debug\Pot_Control.a(PWM_1.o)
                0x00000994                PWM_1_Enable
 .text.PWM_1_WriteCounter
                0x000009a4        0xc .\CortexM3\ARM_GCC_541\Debug\Pot_Control.a(PWM_1.o)
                0x000009a4                PWM_1_WriteCounter
 .text.PWM_1_WritePeriod
                0x000009b0        0xc .\CortexM3\ARM_GCC_541\Debug\Pot_Control.a(PWM_1.o)
                0x000009b0                PWM_1_WritePeriod
 .text.PWM_1_WriteCompare
                0x000009bc        0xc .\CortexM3\ARM_GCC_541\Debug\Pot_Control.a(PWM_1.o)
                0x000009bc                PWM_1_WriteCompare
 .text.PWM_1_SetInterruptMode
                0x000009c8        0xc .\CortexM3\ARM_GCC_541\Debug\Pot_Control.a(PWM_1.o)
                0x000009c8                PWM_1_SetInterruptMode
 .text.PWM_1_ReadStatusRegister
                0x000009d4        0xc .\CortexM3\ARM_GCC_541\Debug\Pot_Control.a(PWM_1.o)
                0x000009d4                PWM_1_ReadStatusRegister
 .text.PWM_1_ReadCapture
                0x000009e0        0xc .\CortexM3\ARM_GCC_541\Debug\Pot_Control.a(PWM_1.o)
                0x000009e0                PWM_1_ReadCapture
 .text.PWM_1_ClearFIFO
                0x000009ec       0x14 .\CortexM3\ARM_GCC_541\Debug\Pot_Control.a(PWM_1.o)
                0x000009ec                PWM_1_ClearFIFO
 .text.PWM_1_Init
                0x00000a00       0x60 .\CortexM3\ARM_GCC_541\Debug\Pot_Control.a(PWM_1.o)
                0x00000a00                PWM_1_Init
 .text.PWM_1_Start
                0x00000a60       0x1c .\CortexM3\ARM_GCC_541\Debug\Pot_Control.a(PWM_1.o)
                0x00000a60                PWM_1_Start
 .text.CyHalt   0x00000a7c        0x4 .\CortexM3\ARM_GCC_541\Debug\Pot_Control.a(CyLib.o)
                0x00000a7c                CyHalt
 .text.CyDelay  0x00000a80       0x2c .\CortexM3\ARM_GCC_541\Debug\Pot_Control.a(CyLib.o)
                0x00000a80                CyDelay
 .text.CyDelayUs
                0x00000aac       0x14 .\CortexM3\ARM_GCC_541\Debug\Pot_Control.a(CyLib.o)
                0x00000aac                CyDelayUs
 .text.CyIntSetVector
                0x00000ac0       0x28 .\CortexM3\ARM_GCC_541\Debug\Pot_Control.a(CyLib.o)
                0x00000ac0                CyIntSetVector
 .text.CyIntSetPriority
                0x00000ae8       0x30 .\CortexM3\ARM_GCC_541\Debug\Pot_Control.a(CyLib.o)
                0x00000ae8                CyIntSetPriority
 .text.LCD_Char_1_WrCntrlNib
                0x00000b18       0x34 .\CortexM3\ARM_GCC_541\Debug\Pot_Control.a(LCD_Char_1.o)
 .text.LCD_Char_1_WrDatNib
                0x00000b4c       0x44 .\CortexM3\ARM_GCC_541\Debug\Pot_Control.a(LCD_Char_1.o)
 .text.LCD_Char_1_IsReady
                0x00000b90       0xe4 .\CortexM3\ARM_GCC_541\Debug\Pot_Control.a(LCD_Char_1.o)
                0x00000b90                LCD_Char_1_IsReady
 .text.LCD_Char_1_WriteData
                0x00000c74       0x18 .\CortexM3\ARM_GCC_541\Debug\Pot_Control.a(LCD_Char_1.o)
                0x00000c74                LCD_Char_1_WriteData
 .text.LCD_Char_1_PrintString
                0x00000c8c       0x1c .\CortexM3\ARM_GCC_541\Debug\Pot_Control.a(LCD_Char_1.o)
                0x00000c8c                LCD_Char_1_PrintString
 .text.LCD_Char_1_WriteControl
                0x00000ca8       0x18 .\CortexM3\ARM_GCC_541\Debug\Pot_Control.a(LCD_Char_1.o)
                0x00000ca8                LCD_Char_1_WriteControl
 .text.LCD_Char_1_Init
                0x00000cc0       0x6c .\CortexM3\ARM_GCC_541\Debug\Pot_Control.a(LCD_Char_1.o)
                0x00000cc0                LCD_Char_1_Init
 .text.LCD_Char_1_Enable
                0x00000d2c       0x14 .\CortexM3\ARM_GCC_541\Debug\Pot_Control.a(LCD_Char_1.o)
                0x00000d2c                LCD_Char_1_Enable
 .text.LCD_Char_1_Start
                0x00000d40       0x1c .\CortexM3\ARM_GCC_541\Debug\Pot_Control.a(LCD_Char_1.o)
                0x00000d40                LCD_Char_1_Start
 .text.LCD_Char_1_Position
                0x00000d5c       0x3c .\CortexM3\ARM_GCC_541\Debug\Pot_Control.a(LCD_Char_1.o)
                0x00000d5c                LCD_Char_1_Position
 .text.PWM_2_Enable
                0x00000d98       0x10 .\CortexM3\ARM_GCC_541\Debug\Pot_Control.a(PWM_2.o)
                0x00000d98                PWM_2_Enable
 .text.PWM_2_WriteCounter
                0x00000da8        0xc .\CortexM3\ARM_GCC_541\Debug\Pot_Control.a(PWM_2.o)
                0x00000da8                PWM_2_WriteCounter
 .text.PWM_2_WritePeriod
                0x00000db4        0xc .\CortexM3\ARM_GCC_541\Debug\Pot_Control.a(PWM_2.o)
                0x00000db4                PWM_2_WritePeriod
 .text.PWM_2_WriteCompare
                0x00000dc0        0xc .\CortexM3\ARM_GCC_541\Debug\Pot_Control.a(PWM_2.o)
                0x00000dc0                PWM_2_WriteCompare
 .text.PWM_2_SetInterruptMode
                0x00000dcc        0xc .\CortexM3\ARM_GCC_541\Debug\Pot_Control.a(PWM_2.o)
                0x00000dcc                PWM_2_SetInterruptMode
 .text.PWM_2_ReadStatusRegister
                0x00000dd8        0xc .\CortexM3\ARM_GCC_541\Debug\Pot_Control.a(PWM_2.o)
                0x00000dd8                PWM_2_ReadStatusRegister
 .text.PWM_2_ReadCapture
                0x00000de4        0xc .\CortexM3\ARM_GCC_541\Debug\Pot_Control.a(PWM_2.o)
                0x00000de4                PWM_2_ReadCapture
 .text.PWM_2_ClearFIFO
                0x00000df0       0x14 .\CortexM3\ARM_GCC_541\Debug\Pot_Control.a(PWM_2.o)
                0x00000df0                PWM_2_ClearFIFO
 .text.PWM_2_Init
                0x00000e04       0x60 .\CortexM3\ARM_GCC_541\Debug\Pot_Control.a(PWM_2.o)
                0x00000e04                PWM_2_Init
 .text.PWM_2_Start
                0x00000e64       0x1c .\CortexM3\ARM_GCC_541\Debug\Pot_Control.a(PWM_2.o)
                0x00000e64                PWM_2_Start
 .text.ADC_SAR_2_CalcGain
                0x00000e80       0x64 .\CortexM3\ARM_GCC_541\Debug\Pot_Control.a(ADC_SAR_2.o)
 .text.ADC_SAR_2_Enable
                0x00000ee4       0x80 .\CortexM3\ARM_GCC_541\Debug\Pot_Control.a(ADC_SAR_2.o)
                0x00000ee4                ADC_SAR_2_Enable
 .text.ADC_SAR_2_SetResolution
                0x00000f64       0x38 .\CortexM3\ARM_GCC_541\Debug\Pot_Control.a(ADC_SAR_2.o)
                0x00000f64                ADC_SAR_2_SetResolution
 .text.ADC_SAR_2_Init
                0x00000f9c       0x38 .\CortexM3\ARM_GCC_541\Debug\Pot_Control.a(ADC_SAR_2.o)
                0x00000f9c                ADC_SAR_2_Init
 .text.ADC_SAR_2_Start
                0x00000fd4       0x1c .\CortexM3\ARM_GCC_541\Debug\Pot_Control.a(ADC_SAR_2.o)
                0x00000fd4                ADC_SAR_2_Start
 .text.ADC_SAR_2_StartConvert
                0x00000ff0       0x10 .\CortexM3\ARM_GCC_541\Debug\Pot_Control.a(ADC_SAR_2.o)
                0x00000ff0                ADC_SAR_2_StartConvert
 .text.ADC_SAR_2_IsEndConversion
                0x00001000       0x24 .\CortexM3\ARM_GCC_541\Debug\Pot_Control.a(ADC_SAR_2.o)
                0x00001000                ADC_SAR_2_IsEndConversion
 .text.ADC_SAR_2_GetResult8
                0x00001024       0x18 .\CortexM3\ARM_GCC_541\Debug\Pot_Control.a(ADC_SAR_2.o)
                0x00001024                ADC_SAR_2_GetResult8
 .text.ADC_SAR_2_ISR
                0x0000103c        0x4 .\CortexM3\ARM_GCC_541\Debug\Pot_Control.a(ADC_SAR_2_INT.o)
                0x0000103c                ADC_SAR_2_ISR
 .text.ADC_DelSig_1_GainCompensation
                0x00001040       0xdc .\CortexM3\ARM_GCC_541\Debug\Pot_Control.a(ADC_DelSig_1.o)
 .text.ADC_DelSig_1_SetDSMRef0Reg
                0x0000111c       0x4c .\CortexM3\ARM_GCC_541\Debug\Pot_Control.a(ADC_DelSig_1.o)
 .text.ADC_DelSig_1_InitConfig
                0x00001168       0xd4 .\CortexM3\ARM_GCC_541\Debug\Pot_Control.a(ADC_DelSig_1.o)
 .text.ADC_DelSig_1_Init
                0x0000123c       0xc0 .\CortexM3\ARM_GCC_541\Debug\Pot_Control.a(ADC_DelSig_1.o)
                0x0000123c                ADC_DelSig_1_Init
 .text.ADC_DelSig_1_Enable
                0x000012fc       0xc4 .\CortexM3\ARM_GCC_541\Debug\Pot_Control.a(ADC_DelSig_1.o)
                0x000012fc                ADC_DelSig_1_Enable
 .text.ADC_DelSig_1_Start
                0x000013c0       0x28 .\CortexM3\ARM_GCC_541\Debug\Pot_Control.a(ADC_DelSig_1.o)
                0x000013c0                ADC_DelSig_1_Start
 .text.ADC_DelSig_1_StartConvert
                0x000013e8       0x10 .\CortexM3\ARM_GCC_541\Debug\Pot_Control.a(ADC_DelSig_1.o)
                0x000013e8                ADC_DelSig_1_StartConvert
 .text.ADC_DelSig_1_IsEndConversion
                0x000013f8       0x30 .\CortexM3\ARM_GCC_541\Debug\Pot_Control.a(ADC_DelSig_1.o)
                0x000013f8                ADC_DelSig_1_IsEndConversion
 .text.ADC_DelSig_1_GetResult32
                0x00001428       0x6c .\CortexM3\ARM_GCC_541\Debug\Pot_Control.a(ADC_DelSig_1.o)
                0x00001428                ADC_DelSig_1_GetResult32
 .text.ADC_DelSig_1_ISR1
                0x00001494        0x4 .\CortexM3\ARM_GCC_541\Debug\Pot_Control.a(ADC_DelSig_1_INT.o)
                0x00001494                ADC_DelSig_1_ISR1
 .text.A_Write  0x00001498       0x18 .\CortexM3\ARM_GCC_541\Debug\Pot_Control.a(A.o)
                0x00001498                A_Write
 .text.B_Write  0x000014b0       0x18 .\CortexM3\ARM_GCC_541\Debug\Pot_Control.a(B.o)
                0x000014b0                B_Write
 .text.C_Write  0x000014c8       0x18 .\CortexM3\ARM_GCC_541\Debug\Pot_Control.a(C.o)
                0x000014c8                C_Write
 .text.D_Write  0x000014e0       0x18 .\CortexM3\ARM_GCC_541\Debug\Pot_Control.a(D.o)
                0x000014e0                D_Write
 .text.ADC_DelSig_1_Ext_CP_Clk_GetDividerRegister
                0x000014f8        0xc .\CortexM3\ARM_GCC_541\Debug\Pot_Control.a(ADC_DelSig_1_Ext_CP_Clk.o)
                0x000014f8                ADC_DelSig_1_Ext_CP_Clk_GetDividerRegister
 .text.ADC_DelSig_1_Ext_CP_Clk_SetModeRegister
                0x00001504       0x14 .\CortexM3\ARM_GCC_541\Debug\Pot_Control.a(ADC_DelSig_1_Ext_CP_Clk.o)
                0x00001504                ADC_DelSig_1_Ext_CP_Clk_SetModeRegister
 .text.ADC_DelSig_1_Ext_CP_Clk_GetSourceRegister
                0x00001518       0x10 .\CortexM3\ARM_GCC_541\Debug\Pot_Control.a(ADC_DelSig_1_Ext_CP_Clk.o)
                0x00001518                ADC_DelSig_1_Ext_CP_Clk_GetSourceRegister
 .text.ADC_DelSig_1_Ext_CP_Clk_SetDividerRegister
                0x00001528       0xd8 .\CortexM3\ARM_GCC_541\Debug\Pot_Control.a(ADC_DelSig_1_Ext_CP_Clk.o)
                0x00001528                ADC_DelSig_1_Ext_CP_Clk_SetDividerRegister
 .text.ADC_DelSig_1_AMux_Start
                0x00001600       0x20 .\CortexM3\ARM_GCC_541\Debug\Pot_Control.a(ADC_DelSig_1_AMux.o)
                0x00001600                ADC_DelSig_1_AMux_Start
 .text.ADC_DelSig_1_AMux_Select
                0x00001620       0x18 .\CortexM3\ARM_GCC_541\Debug\Pot_Control.a(ADC_DelSig_1_AMux.o)
                0x00001620                ADC_DelSig_1_AMux_Select
 .text.PWM_3_Enable
                0x00001638       0x10 .\CortexM3\ARM_GCC_541\Debug\Pot_Control.a(PWM_3.o)
                0x00001638                PWM_3_Enable
 .text.PWM_3_WriteCounter
                0x00001648        0xc .\CortexM3\ARM_GCC_541\Debug\Pot_Control.a(PWM_3.o)
                0x00001648                PWM_3_WriteCounter
 .text.PWM_3_WritePeriod
                0x00001654        0xc .\CortexM3\ARM_GCC_541\Debug\Pot_Control.a(PWM_3.o)
                0x00001654                PWM_3_WritePeriod
 .text.PWM_3_WriteCompare
                0x00001660        0xc .\CortexM3\ARM_GCC_541\Debug\Pot_Control.a(PWM_3.o)
                0x00001660                PWM_3_WriteCompare
 .text.PWM_3_SetInterruptMode
                0x0000166c        0xc .\CortexM3\ARM_GCC_541\Debug\Pot_Control.a(PWM_3.o)
                0x0000166c                PWM_3_SetInterruptMode
 .text.PWM_3_ReadStatusRegister
                0x00001678        0xc .\CortexM3\ARM_GCC_541\Debug\Pot_Control.a(PWM_3.o)
                0x00001678                PWM_3_ReadStatusRegister
 .text.PWM_3_ReadCapture
                0x00001684        0xc .\CortexM3\ARM_GCC_541\Debug\Pot_Control.a(PWM_3.o)
                0x00001684                PWM_3_ReadCapture
 .text.PWM_3_ClearFIFO
                0x00001690       0x14 .\CortexM3\ARM_GCC_541\Debug\Pot_Control.a(PWM_3.o)
                0x00001690                PWM_3_ClearFIFO
 .text.PWM_3_Init
                0x000016a4       0x64 .\CortexM3\ARM_GCC_541\Debug\Pot_Control.a(PWM_3.o)
                0x000016a4                PWM_3_Init
 .text.PWM_3_Start
                0x00001708       0x1c .\CortexM3\ARM_GCC_541\Debug\Pot_Control.a(PWM_3.o)
                0x00001708                PWM_3_Start
 .text.CapSense_CSD_Enable
                0x00001724       0x68 .\CortexM3\ARM_GCC_541\Debug\Pot_Control.a(CapSense_CSD.o)
                0x00001724                CapSense_CSD_Enable
 .text.CapSense_CSD_FindNextSensor
                0x0000178c       0x20 .\CortexM3\ARM_GCC_541\Debug\Pot_Control.a(CapSense_CSD.o)
                0x0000178c                CapSense_CSD_FindNextSensor
 .text.CapSense_CSD_IsBusy
                0x000017ac       0x10 .\CortexM3\ARM_GCC_541\Debug\Pot_Control.a(CapSense_CSD.o)
                0x000017ac                CapSense_CSD_IsBusy
 .text.CapSense_CSD_EnableSensor
                0x000017bc       0x34 .\CortexM3\ARM_GCC_541\Debug\Pot_Control.a(CapSense_CSD.o)
                0x000017bc                CapSense_CSD_EnableSensor
 .text.CapSense_CSD_DisableSensor
                0x000017f0       0x38 .\CortexM3\ARM_GCC_541\Debug\Pot_Control.a(CapSense_CSD.o)
                0x000017f0                CapSense_CSD_DisableSensor
 .text.CapSense_CSD_ClearSensors
                0x00001828       0x18 .\CortexM3\ARM_GCC_541\Debug\Pot_Control.a(CapSense_CSD.o)
                0x00001828                CapSense_CSD_ClearSensors
 .text.CapSense_CSD_PostScan
                0x00001840       0x4c .\CortexM3\ARM_GCC_541\Debug\Pot_Control.a(CapSense_CSD.o)
                0x00001840                CapSense_CSD_PostScan
 .text.CapSense_CSD_SetPrescaler
                0x0000188c       0x10 .\CortexM3\ARM_GCC_541\Debug\Pot_Control.a(CapSense_CSD.o)
                0x0000188c                CapSense_CSD_SetPrescaler
 .text.CapSense_CSD_SetScanSlotSettings
                0x0000189c       0x30 .\CortexM3\ARM_GCC_541\Debug\Pot_Control.a(CapSense_CSD.o)
                0x0000189c                CapSense_CSD_SetScanSlotSettings
 .text.CapSense_CSD_PreScan
                0x000018cc       0x34 .\CortexM3\ARM_GCC_541\Debug\Pot_Control.a(CapSense_CSD.o)
                0x000018cc                CapSense_CSD_PreScan
 .text.CapSense_CSD_ScanSensor
                0x00001900       0x20 .\CortexM3\ARM_GCC_541\Debug\Pot_Control.a(CapSense_CSD.o)
                0x00001900                CapSense_CSD_ScanSensor
 .text.CapSense_CSD_ScanEnabledWidgets
                0x00001920       0x38 .\CortexM3\ARM_GCC_541\Debug\Pot_Control.a(CapSense_CSD.o)
                0x00001920                CapSense_CSD_ScanEnabledWidgets
 .text.CapSense_CSD_SetAnalogSwitchesSource
                0x00001958       0x20 .\CortexM3\ARM_GCC_541\Debug\Pot_Control.a(CapSense_CSD.o)
                0x00001958                CapSense_CSD_SetAnalogSwitchesSource
 .text.CapSense_CSD_Init
                0x00001978       0xe0 .\CortexM3\ARM_GCC_541\Debug\Pot_Control.a(CapSense_CSD.o)
                0x00001978                CapSense_CSD_Init
 .text.CapSense_CSD_Start
                0x00001a58       0x1c .\CortexM3\ARM_GCC_541\Debug\Pot_Control.a(CapSense_CSD.o)
                0x00001a58                CapSense_CSD_Start
 .text.CapSense_CSD_BaseInit
                0x00001a74       0x2c .\CortexM3\ARM_GCC_541\Debug\Pot_Control.a(CapSense_CSD_CSHL.o)
                0x00001a74                CapSense_CSD_BaseInit
 .text.CapSense_CSD_InitializeSensorBaseline
                0x00001aa0       0x18 .\CortexM3\ARM_GCC_541\Debug\Pot_Control.a(CapSense_CSD_CSHL.o)
                0x00001aa0                CapSense_CSD_InitializeSensorBaseline
 .text.CapSense_CSD_InitializeAllBaselines
                0x00001ab8       0x18 .\CortexM3\ARM_GCC_541\Debug\Pot_Control.a(CapSense_CSD_CSHL.o)
                0x00001ab8                CapSense_CSD_InitializeAllBaselines
 .text.CapSense_CSD_UpdateSensorBaseline
                0x00001ad0       0x9c .\CortexM3\ARM_GCC_541\Debug\Pot_Control.a(CapSense_CSD_CSHL.o)
                0x00001ad0                CapSense_CSD_UpdateSensorBaseline
 .text.CapSense_CSD_UpdateEnabledBaselines
                0x00001b6c       0x2c .\CortexM3\ARM_GCC_541\Debug\Pot_Control.a(CapSense_CSD_CSHL.o)
                0x00001b6c                CapSense_CSD_UpdateEnabledBaselines
 .text.CapSense_CSD_FindMaximum
                0x00001b98       0x30 .\CortexM3\ARM_GCC_541\Debug\Pot_Control.a(CapSense_CSD_CSHL.o)
                0x00001b98                CapSense_CSD_FindMaximum
 .text.CapSense_CSD_CalcCentroid
                0x00001bc8       0xb8 .\CortexM3\ARM_GCC_541\Debug\Pot_Control.a(CapSense_CSD_CSHL.o)
                0x00001bc8                CapSense_CSD_CalcCentroid
 .text.CapSense_CSD_IIR4Filter
                0x00001c80        0xc .\CortexM3\ARM_GCC_541\Debug\Pot_Control.a(CapSense_CSD_CSHL.o)
                0x00001c80                CapSense_CSD_IIR4Filter
 .text.CapSense_CSD_GetCentroidPos
                0x00001c8c       0x5c .\CortexM3\ARM_GCC_541\Debug\Pot_Control.a(CapSense_CSD_CSHL.o)
                0x00001c8c                CapSense_CSD_GetCentroidPos
 .text.CapSense_CSD_IsrCH0_ISR
                0x00001ce8       0x50 .\CortexM3\ARM_GCC_541\Debug\Pot_Control.a(CapSense_CSD_INT.o)
                0x00001ce8                CapSense_CSD_IsrCH0_ISR
 .text.CapSense_CSD_CompCH0_Enable
                0x00001d38       0x1c .\CortexM3\ARM_GCC_541\Debug\Pot_Control.a(CapSense_CSD_CompCH0.o)
                0x00001d38                CapSense_CSD_CompCH0_Enable
 .text.CapSense_CSD_CompCH0_SetSpeed
                0x00001d54       0x58 .\CortexM3\ARM_GCC_541\Debug\Pot_Control.a(CapSense_CSD_CompCH0.o)
                0x00001d54                CapSense_CSD_CompCH0_SetSpeed
 .text.CapSense_CSD_CompCH0_Init
                0x00001dac       0x3c .\CortexM3\ARM_GCC_541\Debug\Pot_Control.a(CapSense_CSD_CompCH0.o)
                0x00001dac                CapSense_CSD_CompCH0_Init
 .text.CapSense_CSD_IdacCH0_Enable
                0x00001de8       0x1c .\CortexM3\ARM_GCC_541\Debug\Pot_Control.a(CapSense_CSD_IdacCH0.o)
                0x00001de8                CapSense_CSD_IdacCH0_Enable
 .text.CapSense_CSD_IdacCH0_SetSpeed
                0x00001e04       0x1c .\CortexM3\ARM_GCC_541\Debug\Pot_Control.a(CapSense_CSD_IdacCH0.o)
                0x00001e04                CapSense_CSD_IdacCH0_SetSpeed
 .text.CapSense_CSD_IdacCH0_SetValue
                0x00001e20        0xc .\CortexM3\ARM_GCC_541\Debug\Pot_Control.a(CapSense_CSD_IdacCH0.o)
                0x00001e20                CapSense_CSD_IdacCH0_SetValue
 .text.CapSense_CSD_IdacCH0_DacTrim
                0x00001e2c       0x34 .\CortexM3\ARM_GCC_541\Debug\Pot_Control.a(CapSense_CSD_IdacCH0.o)
                0x00001e2c                CapSense_CSD_IdacCH0_DacTrim
 .text.CapSense_CSD_IdacCH0_Init
                0x00001e60       0x2c .\CortexM3\ARM_GCC_541\Debug\Pot_Control.a(CapSense_CSD_IdacCH0.o)
                0x00001e60                CapSense_CSD_IdacCH0_Init
 .text.CapSense_CSD_IdacCH0_SetPolarity
                0x00001e8c       0x20 .\CortexM3\ARM_GCC_541\Debug\Pot_Control.a(CapSense_CSD_IdacCH0.o)
                0x00001e8c                CapSense_CSD_IdacCH0_SetPolarity
 .text.CapSense_CSD_IdacCH0_SetRange
                0x00001eac       0x20 .\CortexM3\ARM_GCC_541\Debug\Pot_Control.a(CapSense_CSD_IdacCH0.o)
                0x00001eac                CapSense_CSD_IdacCH0_SetRange
 .text.CapSense_CSD_AMuxCH0_DisconnectAll
                0x00001ecc       0x18 .\CortexM3\ARM_GCC_541\Debug\Pot_Control.a(CapSense_CSD_AMuxCH0.o)
                0x00001ecc                CapSense_CSD_AMuxCH0_DisconnectAll
 .text.CapSense_CSD_AMuxCH0_Init
                0x00001ee4        0x8 .\CortexM3\ARM_GCC_541\Debug\Pot_Control.a(CapSense_CSD_AMuxCH0.o)
                0x00001ee4                CapSense_CSD_AMuxCH0_Init
 .text.CapSense_CSD_IntClock_Start
                0x00001eec       0x1c .\CortexM3\ARM_GCC_541\Debug\Pot_Control.a(CapSense_CSD_IntClock.o)
                0x00001eec                CapSense_CSD_IntClock_Start
 .text          0x00001f08       0x20 .\CortexM3\ARM_GCC_541\Debug\Pot_Control.a(CyBootAsmGnu.o)
                0x00001f08                CyDelayCycles
                0x00001f18                CyEnterCriticalSection
                0x00001f20                CyExitCriticalSection
 .text.__errno  0x00001f28        0xc c:/program files (x86)/cypress/psoc creator/4.2/psoc creator/import/gnu/arm/5.4.1/bin/../lib/gcc/arm-none-eabi/5.4.1/../../../../arm-none-eabi/lib/armv7-m\libg_nano.a(lib_a-errno.o)
                0x00001f28                __errno
 .text.__libc_init_array
                0x00001f34       0x4c c:/program files (x86)/cypress/psoc creator/4.2/psoc creator/import/gnu/arm/5.4.1/bin/../lib/gcc/arm-none-eabi/5.4.1/../../../../arm-none-eabi/lib/armv7-m\libg_nano.a(lib_a-init.o)
                0x00001f34                __libc_init_array
 .text.memcpy   0x00001f80       0x16 c:/program files (x86)/cypress/psoc creator/4.2/psoc creator/import/gnu/arm/5.4.1/bin/../lib/gcc/arm-none-eabi/5.4.1/../../../../arm-none-eabi/lib/armv7-m\libg_nano.a(lib_a-memcpy-stub.o)
                0x00001f80                memcpy
 .text.memset   0x00001f96       0x10 c:/program files (x86)/cypress/psoc creator/4.2/psoc creator/import/gnu/arm/5.4.1/bin/../lib/gcc/arm-none-eabi/5.4.1/../../../../arm-none-eabi/lib/armv7-m\libg_nano.a(lib_a-memset.o)
                0x00001f96                memset
 *fill*         0x00001fa6        0x2 
 .text.sprintf  0x00001fa8       0x48 c:/program files (x86)/cypress/psoc creator/4.2/psoc creator/import/gnu/arm/5.4.1/bin/../lib/gcc/arm-none-eabi/5.4.1/../../../../arm-none-eabi/lib/armv7-m\libg_nano.a(lib_a-sprintf.o)
                0x00001fa8                siprintf
                0x00001fa8                sprintf
 .text.__ssputs_r
                0x00001ff0       0xb2 c:/program files (x86)/cypress/psoc creator/4.2/psoc creator/import/gnu/arm/5.4.1/bin/../lib/gcc/arm-none-eabi/5.4.1/../../../../arm-none-eabi/lib/armv7-m\libg_nano.a(lib_a-nano-svfprintf.o)
                0x00001ff0                __ssputs_r
 *fill*         0x000020a2        0x2 
 .text._svfprintf_r
                0x000020a4      0x1e8 c:/program files (x86)/cypress/psoc creator/4.2/psoc creator/import/gnu/arm/5.4.1/bin/../lib/gcc/arm-none-eabi/5.4.1/../../../../arm-none-eabi/lib/armv7-m\libg_nano.a(lib_a-nano-svfprintf.o)
                0x000020a4                _svfiprintf_r
                0x000020a4                _svfprintf_r
 .text._printf_common
                0x0000228c       0xec c:/program files (x86)/cypress/psoc creator/4.2/psoc creator/import/gnu/arm/5.4.1/bin/../lib/gcc/arm-none-eabi/5.4.1/../../../../arm-none-eabi/lib/armv7-m\libg_nano.a(lib_a-nano-vfprintf_i.o)
                0x0000228c                _printf_common
 .text._printf_i
                0x00002378      0x24c c:/program files (x86)/cypress/psoc creator/4.2/psoc creator/import/gnu/arm/5.4.1/bin/../lib/gcc/arm-none-eabi/5.4.1/../../../../arm-none-eabi/lib/armv7-m\libg_nano.a(lib_a-nano-vfprintf_i.o)
                0x00002378                _printf_i
 .text.memchr   0x000025c4       0x1c c:/program files (x86)/cypress/psoc creator/4.2/psoc creator/import/gnu/arm/5.4.1/bin/../lib/gcc/arm-none-eabi/5.4.1/../../../../arm-none-eabi/lib/armv7-m\libg_nano.a(lib_a-memchr-stub.o)
                0x000025c4                memchr
 .text.memmove  0x000025e0       0x36 c:/program files (x86)/cypress/psoc creator/4.2/psoc creator/import/gnu/arm/5.4.1/bin/../lib/gcc/arm-none-eabi/5.4.1/../../../../arm-none-eabi/lib/armv7-m\libg_nano.a(lib_a-memmove.o)
                0x000025e0                memmove
 *fill*         0x00002616        0x2 
 .text._free_r  0x00002618       0x98 c:/program files (x86)/cypress/psoc creator/4.2/psoc creator/import/gnu/arm/5.4.1/bin/../lib/gcc/arm-none-eabi/5.4.1/../../../../arm-none-eabi/lib/armv7-m\libg_nano.a(lib_a-nano-freer.o)
                0x00002618                _free_r
 .text._malloc_r
                0x000026b0       0xbc c:/program files (x86)/cypress/psoc creator/4.2/psoc creator/import/gnu/arm/5.4.1/bin/../lib/gcc/arm-none-eabi/5.4.1/../../../../arm-none-eabi/lib/armv7-m\libg_nano.a(lib_a-nano-mallocr.o)
                0x000026b0                _malloc_r
 .text._realloc_r
                0x0000276c       0x4c c:/program files (x86)/cypress/psoc creator/4.2/psoc creator/import/gnu/arm/5.4.1/bin/../lib/gcc/arm-none-eabi/5.4.1/../../../../arm-none-eabi/lib/armv7-m\libg_nano.a(lib_a-nano-reallocr.o)
                0x0000276c                _realloc_r
 .text._sbrk_r  0x000027b8       0x20 c:/program files (x86)/cypress/psoc creator/4.2/psoc creator/import/gnu/arm/5.4.1/bin/../lib/gcc/arm-none-eabi/5.4.1/../../../../arm-none-eabi/lib/armv7-m\libg_nano.a(lib_a-sbrkr.o)
                0x000027b8                _sbrk_r
 .text.__malloc_lock
                0x000027d8        0x2 c:/program files (x86)/cypress/psoc creator/4.2/psoc creator/import/gnu/arm/5.4.1/bin/../lib/gcc/arm-none-eabi/5.4.1/../../../../arm-none-eabi/lib/armv7-m\libg_nano.a(lib_a-mlock.o)
                0x000027d8                __malloc_lock
 .text.__malloc_unlock
                0x000027da        0x2 c:/program files (x86)/cypress/psoc creator/4.2/psoc creator/import/gnu/arm/5.4.1/bin/../lib/gcc/arm-none-eabi/5.4.1/../../../../arm-none-eabi/lib/armv7-m\libg_nano.a(lib_a-mlock.o)
                0x000027da                __malloc_unlock
 .text._malloc_usable_size_r
                0x000027dc       0x14 c:/program files (x86)/cypress/psoc creator/4.2/psoc creator/import/gnu/arm/5.4.1/bin/../lib/gcc/arm-none-eabi/5.4.1/../../../../arm-none-eabi/lib/armv7-m\libg_nano.a(lib_a-nano-msizer.o)
                0x000027dc                _malloc_usable_size_r
 *(.plt)
 *(.gnu.warning)
 *(.glue_7t)
 .glue_7t       0x000027f0        0x0 linker stubs
 *(.glue_7)
 .glue_7        0x000027f0        0x0 linker stubs
 *(.vfp11_veneer)
 .vfp11_veneer  0x000027f0        0x0 linker stubs
 *(.bootloader)
 *(.ARM.extab* .gnu.linkonce.armextab.*)
 *(.gcc_except_table)

.v4_bx          0x000027f0        0x0
 .v4_bx         0x000027f0        0x0 linker stubs

.iplt           0x000027f0        0x0
 .iplt          0x000027f0        0x0 c:/program files (x86)/cypress/psoc creator/4.2/psoc creator/import/gnu/arm/5.4.1/bin/../lib/gcc/arm-none-eabi/5.4.1/armv7-m/crtbegin.o

.eh_frame_hdr
 *(.eh_frame_hdr)

.eh_frame       0x000027f0        0x4
 *(.eh_frame)
 .eh_frame      0x000027f0        0x0 c:/program files (x86)/cypress/psoc creator/4.2/psoc creator/import/gnu/arm/5.4.1/bin/../lib/gcc/arm-none-eabi/5.4.1/armv7-m/crtbegin.o
 .eh_frame      0x000027f0        0x4 c:/program files (x86)/cypress/psoc creator/4.2/psoc creator/import/gnu/arm/5.4.1/bin/../lib/gcc/arm-none-eabi/5.4.1/armv7-m/crtend.o
                [!provide]                PROVIDE (__exidx_start, .)

.ARM.exidx
 *(.ARM.exidx* .gnu.linkonce.armexidx.*)
                0x000027f4                __exidx_end = .

.rodata         0x000027f4      0x154
 *(.rodata .rodata.* .gnu.linkonce.r.*)
 .rodata.str1.4
                0x000027f4       0x1c .\CortexM3\ARM_GCC_541\Debug\main.o
 .rodata        0x00002810       0x76 .\CortexM3\ARM_GCC_541\Debug\cyfitter_cfg.o
                0x00002810                ADC_DelSig_1_AMux__addrTable
                0x00002818                ADC_DelSig_1_AMux__maskTable
                0x0000281c                CapSense_CSD_AMuxCH0__addrTable
                0x0000283c                CapSense_CSD_AMuxCH0__maskTable
 *fill*         0x00002886        0x2 
 .rodata        0x00002888       0x55 .\CortexM3\ARM_GCC_541\Debug\Pot_Control.a(CapSense_CSD.o)
                0x00002888                CapSense_CSD_portTable
                0x00002890                CapSense_CSD_maskTable
                0x00002898                CapSense_CSD_pcTable
                0x000028ac                CapSense_CSD_csTable
                0x000028cc                CapSense_CSD_idacSettings
                0x000028d4                CapSense_CSD_widgetNumber
                0x000028dc                CapSense_CSD_widgetResolution
 .rodata.str1.1
                0x000028dd        0x2 c:/program files (x86)/cypress/psoc creator/4.2/psoc creator/import/gnu/arm/5.4.1/bin/../lib/gcc/arm-none-eabi/5.4.1/../../../../arm-none-eabi/lib/armv7-m\libg_nano.a(lib_a-impure.o)
 .rodata.str1.1
                0x000028df       0x11 c:/program files (x86)/cypress/psoc creator/4.2/psoc creator/import/gnu/arm/5.4.1/bin/../lib/gcc/arm-none-eabi/5.4.1/../../../../arm-none-eabi/lib/armv7-m\libg_nano.a(lib_a-nano-svfprintf.o)
 .rodata.str1.1
                0x000028f0       0x22 c:/program files (x86)/cypress/psoc creator/4.2/psoc creator/import/gnu/arm/5.4.1/bin/../lib/gcc/arm-none-eabi/5.4.1/../../../../arm-none-eabi/lib/armv7-m\libg_nano.a(lib_a-nano-vfprintf_i.o)
                0x00002914                . = ALIGN (0x4)
 *fill*         0x00002912        0x2 
 *(.init)
 .init          0x00002914        0x4 c:/program files (x86)/cypress/psoc creator/4.2/psoc creator/import/gnu/arm/5.4.1/bin/../lib/gcc/arm-none-eabi/5.4.1/armv7-m/crti.o
                0x00002914                _init
 .init          0x00002918        0x8 c:/program files (x86)/cypress/psoc creator/4.2/psoc creator/import/gnu/arm/5.4.1/bin/../lib/gcc/arm-none-eabi/5.4.1/armv7-m/crtn.o
                0x00002920                . = ALIGN (0x4)
                0x00002920                __preinit_array_start = .
 *(.preinit_array)
                0x00002920                __preinit_array_end = .
                0x00002920                . = ALIGN (0x4)
                0x00002920                __init_array_start = .
 *(SORT(.init_array.*))
 *(.init_array)
 .init_array    0x00002920        0x4 c:/program files (x86)/cypress/psoc creator/4.2/psoc creator/import/gnu/arm/5.4.1/bin/../lib/gcc/arm-none-eabi/5.4.1/armv7-m/crtbegin.o
 .init_array    0x00002924        0x4 .\CortexM3\ARM_GCC_541\Debug\Cm3Start.o
                0x00002928                __init_array_end = .
                0x00002928                . = ALIGN (0x4)
 *(.fini)
 .fini          0x00002928        0x4 c:/program files (x86)/cypress/psoc creator/4.2/psoc creator/import/gnu/arm/5.4.1/bin/../lib/gcc/arm-none-eabi/5.4.1/armv7-m/crti.o
                0x00002928                _fini
 .fini          0x0000292c        0x8 c:/program files (x86)/cypress/psoc creator/4.2/psoc creator/import/gnu/arm/5.4.1/bin/../lib/gcc/arm-none-eabi/5.4.1/armv7-m/crtn.o
                0x00002934                . = ALIGN (0x4)
                0x00002934                __fini_array_start = .
 *(.fini_array)
 .fini_array    0x00002934        0x4 c:/program files (x86)/cypress/psoc creator/4.2/psoc creator/import/gnu/arm/5.4.1/bin/../lib/gcc/arm-none-eabi/5.4.1/armv7-m/crtbegin.o
 *(SORT(.fini_array.*))
                0x00002938                __fini_array_end = .
                0x00002938                . = ALIGN (0x4)
 *crtbegin.o(.ctors)
 *(EXCLUDE_FILE(*crtend.o) .ctors)
 *(SORT(.ctors.*))
 *crtend.o(.ctors)
                0x00002938                . = ALIGN (0x4)
 *crtbegin.o(.dtors)
 *(EXCLUDE_FILE(*crtend.o) .dtors)
 *(SORT(.dtors.*))
 *crtend.o(.dtors)
                0x00002938                . = ALIGN (0x4)
                0x00002938                __cy_regions = .
                0x00002938        0x4 LONG 0x2948 __cy_region_init_ram
                0x0000293c        0x4 LONG 0x1fff80c8 __cy_region_start_data
                0x00002940        0x4 LONG 0x90 __cy_region_init_size_ram
                0x00002944        0x4 LONG 0xa8 __cy_region_zero_size_ram
                0x00002948                __cy_regions_end = .
                0x00002948                . = ALIGN (0x8)
                0x00002948                _etext = .

.cy_checksum_exclude
                0x00002948        0x0
 *(.cy_checksum_exclude)

.ramvectors     0x1fff8000       0xc0
                0x1fff8000                __cy_region_start_ram = .
 *(.ramvectors)
 .ramvectors    0x1fff8000       0xc0 .\CortexM3\ARM_GCC_541\Debug\Cm3Start.o
                0x1fff8000                CyRamVectors

.noinit         0x1fff80c0        0x1
 *(.noinit)
 .noinit        0x1fff80c0        0x1 .\CortexM3\ARM_GCC_541\Debug\Pot_Control.a(CyLib.o)
                0x1fff80c0                CyResetStatus

.data           0x1fff80c8       0x90 load address 0x00002948
                0x1fff80c8                __cy_region_start_data = .
 *(.jcr)
 .jcr           0x1fff80c8        0x0 c:/program files (x86)/cypress/psoc creator/4.2/psoc creator/import/gnu/arm/5.4.1/bin/../lib/gcc/arm-none-eabi/5.4.1/armv7-m/crtbegin.o
 .jcr           0x1fff80c8        0x4 c:/program files (x86)/cypress/psoc creator/4.2/psoc creator/import/gnu/arm/5.4.1/bin/../lib/gcc/arm-none-eabi/5.4.1/armv7-m/crtend.o
 *(.got.plt)
 *(.got)
 *(.shdata)
 *(.data .data.* .gnu.linkonce.d.*)
 .data          0x1fff80cc        0x4 .\CortexM3\ARM_GCC_541\Debug\Cm3Start.o
 .data          0x1fff80d0       0x10 .\CortexM3\ARM_GCC_541\Debug\Pot_Control.a(CyLib.o)
                0x1fff80d0                cydelay_32k_ms
                0x1fff80d4                cydelay_freq_khz
                0x1fff80d8                cydelay_freq_mhz
                0x1fff80dc                cydelay_freq_hz
 .data          0x1fff80e0        0x1 .\CortexM3\ARM_GCC_541\Debug\Pot_Control.a(ADC_DelSig_1.o)
                0x1fff80e0                ADC_DelSig_1_Config
 .data          0x1fff80e1        0x1 .\CortexM3\ARM_GCC_541\Debug\Pot_Control.a(ADC_DelSig_1_AMux.o)
 *fill*         0x1fff80e2        0x2 
 .data          0x1fff80e4        0x9 .\CortexM3\ARM_GCC_541\Debug\Pot_Control.a(CapSense_CSD.o)
                0x1fff80e4                CapSense_CSD_sensorEnableMask
                0x1fff80e8                CapSense_CSD_analogSwitchDivider
 *fill*         0x1fff80ed        0x3 
 .data          0x1fff80f0        0x3 .\CortexM3\ARM_GCC_541\Debug\Pot_Control.a(CapSense_CSD_CSHL.o)
                0x1fff80f0                CapSense_CSD_posFiltersData
 *fill*         0x1fff80f3        0x1 
 .data.impure_data
                0x1fff80f4       0x60 c:/program files (x86)/cypress/psoc creator/4.2/psoc creator/import/gnu/arm/5.4.1/bin/../lib/gcc/arm-none-eabi/5.4.1/../../../../arm-none-eabi/lib/armv7-m\libg_nano.a(lib_a-impure.o)
 .data._impure_ptr
                0x1fff8154        0x4 c:/program files (x86)/cypress/psoc creator/4.2/psoc creator/import/gnu/arm/5.4.1/bin/../lib/gcc/arm-none-eabi/5.4.1/../../../../arm-none-eabi/lib/armv7-m\libg_nano.a(lib_a-impure.o)
                0x1fff8154                _impure_ptr
                0x1fff8158                . = ALIGN (0x8)
 *(.ram)
                0x1fff8158                _edata = .

.igot.plt       0x1fff8158        0x0 load address 0x000029d8
 .igot.plt      0x1fff8158        0x0 c:/program files (x86)/cypress/psoc creator/4.2/psoc creator/import/gnu/arm/5.4.1/bin/../lib/gcc/arm-none-eabi/5.4.1/armv7-m/crtbegin.o

.bss            0x1fff8158       0xa8 load address 0x000029d8
                0x1fff8158                PROVIDE (__bss_start__, .)
 *(.shbss)
 *(.bss .bss.* .gnu.linkonce.b.*)
 .bss           0x1fff8158       0x1c c:/program files (x86)/cypress/psoc creator/4.2/psoc creator/import/gnu/arm/5.4.1/bin/../lib/gcc/arm-none-eabi/5.4.1/armv7-m/crtbegin.o
 .bss           0x1fff8174        0x1 .\CortexM3\ARM_GCC_541\Debug\Pot_Control.a(ADC_SAR_1.o)
                0x1fff8174                ADC_SAR_1_initVar
 .bss           0x1fff8175        0x1 .\CortexM3\ARM_GCC_541\Debug\Pot_Control.a(PWM_1.o)
                0x1fff8175                PWM_1_initVar
 .bss           0x1fff8176        0x2 .\CortexM3\ARM_GCC_541\Debug\Pot_Control.a(LCD_Char_1.o)
                0x1fff8176                LCD_Char_1_enableState
                0x1fff8177                LCD_Char_1_initVar
 .bss           0x1fff8178        0x1 .\CortexM3\ARM_GCC_541\Debug\Pot_Control.a(PWM_2.o)
                0x1fff8178                PWM_2_initVar
 .bss           0x1fff8179        0x1 .\CortexM3\ARM_GCC_541\Debug\Pot_Control.a(ADC_SAR_2.o)
                0x1fff8179                ADC_SAR_2_initVar
 *fill*         0x1fff817a        0x2 
 .bss           0x1fff817c        0xc .\CortexM3\ARM_GCC_541\Debug\Pot_Control.a(ADC_DelSig_1.o)
                0x1fff8180                ADC_DelSig_1_stopConversion
                0x1fff8181                ADC_DelSig_1_convDone
                0x1fff8182                ADC_DelSig_1_initVar
                0x1fff8183                ADC_DelSig_1_started
                0x1fff8184                ADC_DelSig_1_Offset
 .bss           0x1fff8188        0x1 .\CortexM3\ARM_GCC_541\Debug\Pot_Control.a(PWM_3.o)
                0x1fff8188                PWM_3_initVar
 .bss           0x1fff8189        0x1 .\CortexM3\ARM_GCC_541\Debug\Pot_Control.a(CapSense_CSD.o)
 *fill*         0x1fff818a        0x2 
 .bss           0x1fff818c        0xa .\CortexM3\ARM_GCC_541\Debug\Pot_Control.a(CapSense_CSD_CSHL.o)
                0x1fff818c                CapSense_CSD_debounceCounter
 *fill*         0x1fff8196        0x2 
 .bss.__malloc_sbrk_start
                0x1fff8198        0x4 c:/program files (x86)/cypress/psoc creator/4.2/psoc creator/import/gnu/arm/5.4.1/bin/../lib/gcc/arm-none-eabi/5.4.1/../../../../arm-none-eabi/lib/armv7-m\libg_nano.a(lib_a-nano-mallocr.o)
                0x1fff8198                __malloc_sbrk_start
 .bss.__malloc_free_list
                0x1fff819c        0x4 c:/program files (x86)/cypress/psoc creator/4.2/psoc creator/import/gnu/arm/5.4.1/bin/../lib/gcc/arm-none-eabi/5.4.1/../../../../arm-none-eabi/lib/armv7-m\libg_nano.a(lib_a-nano-mallocr.o)
                0x1fff819c                __malloc_free_list
 *(COMMON)
 COMMON         0x1fff81a0        0x4 .\CortexM3\ARM_GCC_541\Debug\main.o
                0x1fff81a0                curPos
                0x1fff81a2                oldPos
 COMMON         0x1fff81a4        0xa .\CortexM3\ARM_GCC_541\Debug\Pot_Control.a(ADC_SAR_1.o)
                0x1fff81a4                ADC_SAR_1_countsPerVolt
                0x1fff81a6                ADC_SAR_1_shift
                0x1fff81a8                ADC_SAR_1_countsPer10Volt
                0x1fff81ac                ADC_SAR_1_offset
 *fill*         0x1fff81ae        0x2 
 COMMON         0x1fff81b0        0xa .\CortexM3\ARM_GCC_541\Debug\Pot_Control.a(ADC_SAR_2.o)
                0x1fff81b0                ADC_SAR_2_countsPer10Volt
                0x1fff81b4                ADC_SAR_2_shift
                0x1fff81b6                ADC_SAR_2_offset
                0x1fff81b8                ADC_SAR_2_countsPerVolt
 *fill*         0x1fff81ba        0x2 
 COMMON         0x1fff81bc        0x4 .\CortexM3\ARM_GCC_541\Debug\Pot_Control.a(ADC_DelSig_1.o)
                0x1fff81bc                ADC_DelSig_1_CountsPerVolt
 COMMON         0x1fff81c0        0xe .\CortexM3\ARM_GCC_541\Debug\Pot_Control.a(CapSense_CSD.o)
                0x1fff81c0                CapSense_CSD_sensorIndex
                0x1fff81c1                CapSense_CSD_csv
                0x1fff81c4                CapSense_CSD_sensorRaw
 *fill*         0x1fff81ce        0x2 
 COMMON         0x1fff81d0       0x29 .\CortexM3\ARM_GCC_541\Debug\Pot_Control.a(CapSense_CSD_CSHL.o)
                0x1fff81d0                CapSense_CSD_sensorSignal
                0x1fff81dc                CapSense_CSD_sensorBaseline
                0x1fff81e8                CapSense_CSD_sensorBaselineLow
                0x1fff81f0                CapSense_CSD_sensorOnMask
                0x1fff81f4                CapSense_CSD_lowBaselineResetCnt
 *fill*         0x1fff81f9        0x3 
 COMMON         0x1fff81fc        0x4 c:/program files (x86)/cypress/psoc creator/4.2/psoc creator/import/gnu/arm/5.4.1/bin/../lib/gcc/arm-none-eabi/5.4.1/../../../../arm-none-eabi/lib/armv7-m\libg_nano.a(lib_a-reent.o)
                0x1fff81fc                errno
                0x1fff8200                . = ALIGN (0x8)
 *(.ram.b)
                0x1fff8200                _end = .
                0x1fff8200                __end = .
                0x1fff8200                PROVIDE (end, .)
                0x1fff8200                PROVIDE (__bss_end__, .)
                0x00002948                __cy_region_init_ram = LOADADDR (.data)
                0x00000090                __cy_region_init_size_ram = (_edata - ADDR (.data))
                0x000000a8                __cy_region_zero_size_ram = (_end - _edata)

.heap           0x1fff8200       0x80 load address 0x000029d8
                0x1fff8200                . = _end
                0x1fff8280                . = (. + 0x80)
 *fill*         0x1fff8200       0x80 
                0x1fff8280                __cy_heap_limit = .

.stack          0x20007800      0x800
                0x20007800                __cy_stack_limit = .
                0x20008000                . = (. + 0x800)
 *fill*         0x20007800      0x800 
                0x00000001                ASSERT ((__cy_stack_limit >= __cy_heap_limit), region RAM overflowed with stack)
                0x00000000                cy_checksum_exclude_size = (CY_APPL_LOADABLE == 0x1)?SIZEOF (.cy_checksum_exclude):0x0
                0x00000001                ASSERT ((cy_checksum_exclude_size <= CY_CHECKSUM_EXCLUDE_SIZE), CY_BOOT: Section .cy_checksum_exclude size exceedes specified limit.)

.cyloadermeta
 *(.cyloadermeta)

.cyloadablemeta
 *(.cyloadablemeta)

.cyconfigecc    0x80000000      0x640
 *(.cyconfigecc)
 .cyconfigecc   0x80000000      0x640 .\CortexM3\ARM_GCC_541\Debug\cymetadata.o
                0x80000000                cy_meta_configecc

.cycustnvl      0x90000000        0x4
 *(.cycustnvl)
 .cycustnvl     0x90000000        0x4 .\CortexM3\ARM_GCC_541\Debug\cymetadata.o
                0x90000000                cy_meta_custnvl

.cywolatch      0x90100000        0x4
 *(.cywolatch)
 .cywolatch     0x90100000        0x4 .\CortexM3\ARM_GCC_541\Debug\cymetadata.o
                0x90100000                cy_meta_wonvl

.cyeeprom       0x90200000        0x0
 *(.cyeeprom)
                0x00000001                ASSERT ((. <= ((0x90200000 + ee_offset) + ee_size)), .cyeeprom data will not fit in EEPROM)

.cyflashprotect
                0x90400000      0x100
 *(.cyflashprotect)
 .cyflashprotect
                0x90400000      0x100 .\CortexM3\ARM_GCC_541\Debug\cymetadata.o
                0x90400000                cy_meta_flashprotect

.cymeta         0x90500000        0xc
 *(.cymeta)
 .cymeta        0x90500000        0xc .\CortexM3\ARM_GCC_541\Debug\cymetadata.o
                0x90500000                cy_metadata

.rel.dyn        0x000029d8        0x0 load address 0x9050000c
 .rel.iplt      0x000029d8        0x0 c:/program files (x86)/cypress/psoc creator/4.2/psoc creator/import/gnu/arm/5.4.1/bin/../lib/gcc/arm-none-eabi/5.4.1/armv7-m/crtbegin.o

.stab
 *(.stab)

.stabstr
 *(.stabstr)

.debug
 *(.debug)

.line
 *(.line)

.debug_srcinfo
 *(.debug_srcinfo)

.debug_sfnames
 *(.debug_sfnames)

.debug_aranges  0x00000000      0xee8
 *(.debug_aranges)
 .debug_aranges
                0x00000000       0x38 .\CortexM3\ARM_GCC_541\Debug\main.o
 .debug_aranges
                0x00000038       0x78 .\CortexM3\ARM_GCC_541\Debug\cyfitter_cfg.o
 .debug_aranges
                0x000000b0       0x18 .\CortexM3\ARM_GCC_541\Debug\cymetadata.o
 .debug_aranges
                0x000000c8       0x48 .\CortexM3\ARM_GCC_541\Debug\Cm3Start.o
 .debug_aranges
                0x00000110       0xa8 .\CortexM3\ARM_GCC_541\Debug\Pot_Control.a(ADC_SAR_1.o)
 .debug_aranges
                0x000001b8       0x20 .\CortexM3\ARM_GCC_541\Debug\Pot_Control.a(ADC_SAR_1_INT.o)
 .debug_aranges
                0x000001d8       0x98 .\CortexM3\ARM_GCC_541\Debug\Pot_Control.a(PWM_1.o)
 .debug_aranges
                0x00000270      0x2a0 .\CortexM3\ARM_GCC_541\Debug\Pot_Control.a(CyLib.o)
 .debug_aranges
                0x00000510       0x98 .\CortexM3\ARM_GCC_541\Debug\Pot_Control.a(cyPm.o)
 .debug_aranges
                0x000005a8       0x98 .\CortexM3\ARM_GCC_541\Debug\Pot_Control.a(LCD_Char_1.o)
 .debug_aranges
                0x00000640       0x98 .\CortexM3\ARM_GCC_541\Debug\Pot_Control.a(PWM_2.o)
 .debug_aranges
                0x000006d8       0xa8 .\CortexM3\ARM_GCC_541\Debug\Pot_Control.a(ADC_SAR_2.o)
 .debug_aranges
                0x00000780       0x20 .\CortexM3\ARM_GCC_541\Debug\Pot_Control.a(ADC_SAR_2_INT.o)
 .debug_aranges
                0x000007a0       0xe8 .\CortexM3\ARM_GCC_541\Debug\Pot_Control.a(ADC_DelSig_1.o)
 .debug_aranges
                0x00000888       0x38 .\CortexM3\ARM_GCC_541\Debug\Pot_Control.a(ADC_DelSig_1_INT.o)
 .debug_aranges
                0x000008c0       0x38 .\CortexM3\ARM_GCC_541\Debug\Pot_Control.a(A.o)
 .debug_aranges
                0x000008f8       0x38 .\CortexM3\ARM_GCC_541\Debug\Pot_Control.a(B.o)
 .debug_aranges
                0x00000930       0x38 .\CortexM3\ARM_GCC_541\Debug\Pot_Control.a(C.o)
 .debug_aranges
                0x00000968       0x38 .\CortexM3\ARM_GCC_541\Debug\Pot_Control.a(D.o)
 .debug_aranges
                0x000009a0       0x70 .\CortexM3\ARM_GCC_541\Debug\Pot_Control.a(ADC_DelSig_1_Ext_CP_Clk.o)
 .debug_aranges
                0x00000a10       0x30 .\CortexM3\ARM_GCC_541\Debug\Pot_Control.a(ADC_DelSig_1_AMux.o)
 .debug_aranges
                0x00000a40       0x98 .\CortexM3\ARM_GCC_541\Debug\Pot_Control.a(PWM_3.o)
 .debug_aranges
                0x00000ad8       0xb0 .\CortexM3\ARM_GCC_541\Debug\Pot_Control.a(CapSense_CSD.o)
 .debug_aranges
                0x00000b88       0x90 .\CortexM3\ARM_GCC_541\Debug\Pot_Control.a(CapSense_CSD_CSHL.o)
 .debug_aranges
                0x00000c18       0x20 .\CortexM3\ARM_GCC_541\Debug\Pot_Control.a(CapSense_CSD_INT.o)
 .debug_aranges
                0x00000c38       0x70 .\CortexM3\ARM_GCC_541\Debug\Pot_Control.a(CapSense_CSD_CompCH0.o)
 .debug_aranges
                0x00000ca8       0x60 .\CortexM3\ARM_GCC_541\Debug\Pot_Control.a(CapSense_CSD_IdacCH0.o)
 .debug_aranges
                0x00000d08       0x48 .\CortexM3\ARM_GCC_541\Debug\Pot_Control.a(CapSense_CSD_AMuxCH0.o)
 .debug_aranges
                0x00000d50       0x70 .\CortexM3\ARM_GCC_541\Debug\Pot_Control.a(CapSense_CSD_IntClock.o)
 .debug_aranges
                0x00000dc0       0x20 .\CortexM3\ARM_GCC_541\Debug\Pot_Control.a(CyBootAsmGnu.o)
 .debug_aranges
                0x00000de0       0x88 .\CortexM3\ARM_GCC_541\Debug\Pot_Control.a(CyFlash.o)
 .debug_aranges
                0x00000e68       0x80 .\CortexM3\ARM_GCC_541\Debug\Pot_Control.a(CySpc.o)

.debug_pubnames
 *(.debug_pubnames)

.debug_info     0x00000000     0x8c77
 *(.debug_info .gnu.linkonce.wi.*)
 .debug_info    0x00000000      0x9b7 .\CortexM3\ARM_GCC_541\Debug\main.o
 .debug_info    0x000009b7      0x7bd .\CortexM3\ARM_GCC_541\Debug\cyfitter_cfg.o
 .debug_info    0x00001174      0x138 .\CortexM3\ARM_GCC_541\Debug\cymetadata.o
 .debug_info    0x000012ac      0x3bb .\CortexM3\ARM_GCC_541\Debug\Cm3Start.o
 .debug_info    0x00001667      0x5a2 .\CortexM3\ARM_GCC_541\Debug\Pot_Control.a(ADC_SAR_1.o)
 .debug_info    0x00001c09       0x92 .\CortexM3\ARM_GCC_541\Debug\Pot_Control.a(ADC_SAR_1_INT.o)
 .debug_info    0x00001c9b      0x354 .\CortexM3\ARM_GCC_541\Debug\Pot_Control.a(PWM_1.o)
 .debug_info    0x00001fef     0x1374 .\CortexM3\ARM_GCC_541\Debug\Pot_Control.a(CyLib.o)
 .debug_info    0x00003363      0xa2a .\CortexM3\ARM_GCC_541\Debug\Pot_Control.a(cyPm.o)
 .debug_info    0x00003d8d      0x715 .\CortexM3\ARM_GCC_541\Debug\Pot_Control.a(LCD_Char_1.o)
 .debug_info    0x000044a2      0x354 .\CortexM3\ARM_GCC_541\Debug\Pot_Control.a(PWM_2.o)
 .debug_info    0x000047f6      0x5a2 .\CortexM3\ARM_GCC_541\Debug\Pot_Control.a(ADC_SAR_2.o)
 .debug_info    0x00004d98       0x92 .\CortexM3\ARM_GCC_541\Debug\Pot_Control.a(ADC_SAR_2_INT.o)
 .debug_info    0x00004e2a      0x9d9 .\CortexM3\ARM_GCC_541\Debug\Pot_Control.a(ADC_DelSig_1.o)
 .debug_info    0x00005803       0xd3 .\CortexM3\ARM_GCC_541\Debug\Pot_Control.a(ADC_DelSig_1_INT.o)
 .debug_info    0x000058d6      0x11f .\CortexM3\ARM_GCC_541\Debug\Pot_Control.a(A.o)
 .debug_info    0x000059f5      0x11f .\CortexM3\ARM_GCC_541\Debug\Pot_Control.a(B.o)
 .debug_info    0x00005b14      0x11f .\CortexM3\ARM_GCC_541\Debug\Pot_Control.a(C.o)
 .debug_info    0x00005c33      0x11f .\CortexM3\ARM_GCC_541\Debug\Pot_Control.a(D.o)
 .debug_info    0x00005d52      0x283 .\CortexM3\ARM_GCC_541\Debug\Pot_Control.a(ADC_DelSig_1_Ext_CP_Clk.o)
 .debug_info    0x00005fd5      0x165 .\CortexM3\ARM_GCC_541\Debug\Pot_Control.a(ADC_DelSig_1_AMux.o)
 .debug_info    0x0000613a      0x354 .\CortexM3\ARM_GCC_541\Debug\Pot_Control.a(PWM_3.o)
 .debug_info    0x0000648e      0x848 .\CortexM3\ARM_GCC_541\Debug\Pot_Control.a(CapSense_CSD.o)
 .debug_info    0x00006cd6      0x934 .\CortexM3\ARM_GCC_541\Debug\Pot_Control.a(CapSense_CSD_CSHL.o)
 .debug_info    0x0000760a      0x10d .\CortexM3\ARM_GCC_541\Debug\Pot_Control.a(CapSense_CSD_INT.o)
 .debug_info    0x00007717      0x2c8 .\CortexM3\ARM_GCC_541\Debug\Pot_Control.a(CapSense_CSD_CompCH0.o)
 .debug_info    0x000079df      0x209 .\CortexM3\ARM_GCC_541\Debug\Pot_Control.a(CapSense_CSD_IdacCH0.o)
 .debug_info    0x00007be8      0x1d3 .\CortexM3\ARM_GCC_541\Debug\Pot_Control.a(CapSense_CSD_AMuxCH0.o)
 .debug_info    0x00007dbb      0x283 .\CortexM3\ARM_GCC_541\Debug\Pot_Control.a(CapSense_CSD_IntClock.o)
 .debug_info    0x0000803e       0x9c .\CortexM3\ARM_GCC_541\Debug\Pot_Control.a(CyBootAsmGnu.o)
 .debug_info    0x000080da      0x64d .\CortexM3\ARM_GCC_541\Debug\Pot_Control.a(CyFlash.o)
 .debug_info    0x00008727      0x550 .\CortexM3\ARM_GCC_541\Debug\Pot_Control.a(CySpc.o)

.debug_abbrev   0x00000000     0x2473
 *(.debug_abbrev)
 .debug_abbrev  0x00000000      0x15f .\CortexM3\ARM_GCC_541\Debug\main.o
 .debug_abbrev  0x0000015f      0x22d .\CortexM3\ARM_GCC_541\Debug\cyfitter_cfg.o
 .debug_abbrev  0x0000038c       0x77 .\CortexM3\ARM_GCC_541\Debug\cymetadata.o
 .debug_abbrev  0x00000403      0x1e8 .\CortexM3\ARM_GCC_541\Debug\Cm3Start.o
 .debug_abbrev  0x000005eb      0x1ac .\CortexM3\ARM_GCC_541\Debug\Pot_Control.a(ADC_SAR_1.o)
 .debug_abbrev  0x00000797       0x42 .\CortexM3\ARM_GCC_541\Debug\Pot_Control.a(ADC_SAR_1_INT.o)
 .debug_abbrev  0x000007d9      0x133 .\CortexM3\ARM_GCC_541\Debug\Pot_Control.a(PWM_1.o)
 .debug_abbrev  0x0000090c      0x254 .\CortexM3\ARM_GCC_541\Debug\Pot_Control.a(CyLib.o)
 .debug_abbrev  0x00000b60      0x1ab .\CortexM3\ARM_GCC_541\Debug\Pot_Control.a(cyPm.o)
 .debug_abbrev  0x00000d0b      0x157 .\CortexM3\ARM_GCC_541\Debug\Pot_Control.a(LCD_Char_1.o)
 .debug_abbrev  0x00000e62      0x133 .\CortexM3\ARM_GCC_541\Debug\Pot_Control.a(PWM_2.o)
 .debug_abbrev  0x00000f95      0x1ac .\CortexM3\ARM_GCC_541\Debug\Pot_Control.a(ADC_SAR_2.o)
 .debug_abbrev  0x00001141       0x42 .\CortexM3\ARM_GCC_541\Debug\Pot_Control.a(ADC_SAR_2_INT.o)
 .debug_abbrev  0x00001183      0x1cd .\CortexM3\ARM_GCC_541\Debug\Pot_Control.a(ADC_DelSig_1.o)
 .debug_abbrev  0x00001350       0x42 .\CortexM3\ARM_GCC_541\Debug\Pot_Control.a(ADC_DelSig_1_INT.o)
 .debug_abbrev  0x00001392       0x90 .\CortexM3\ARM_GCC_541\Debug\Pot_Control.a(A.o)
 .debug_abbrev  0x00001422       0x90 .\CortexM3\ARM_GCC_541\Debug\Pot_Control.a(B.o)
 .debug_abbrev  0x000014b2       0x90 .\CortexM3\ARM_GCC_541\Debug\Pot_Control.a(C.o)
 .debug_abbrev  0x00001542       0x90 .\CortexM3\ARM_GCC_541\Debug\Pot_Control.a(D.o)
 .debug_abbrev  0x000015d2      0x139 .\CortexM3\ARM_GCC_541\Debug\Pot_Control.a(ADC_DelSig_1_Ext_CP_Clk.o)
 .debug_abbrev  0x0000170b       0xb1 .\CortexM3\ARM_GCC_541\Debug\Pot_Control.a(ADC_DelSig_1_AMux.o)
 .debug_abbrev  0x000017bc      0x133 .\CortexM3\ARM_GCC_541\Debug\Pot_Control.a(PWM_3.o)
 .debug_abbrev  0x000018ef      0x193 .\CortexM3\ARM_GCC_541\Debug\Pot_Control.a(CapSense_CSD.o)
 .debug_abbrev  0x00001a82      0x1bd .\CortexM3\ARM_GCC_541\Debug\Pot_Control.a(CapSense_CSD_CSHL.o)
 .debug_abbrev  0x00001c3f       0x85 .\CortexM3\ARM_GCC_541\Debug\Pot_Control.a(CapSense_CSD_INT.o)
 .debug_abbrev  0x00001cc4      0x16e .\CortexM3\ARM_GCC_541\Debug\Pot_Control.a(CapSense_CSD_CompCH0.o)
 .debug_abbrev  0x00001e32      0x106 .\CortexM3\ARM_GCC_541\Debug\Pot_Control.a(CapSense_CSD_IdacCH0.o)
 .debug_abbrev  0x00001f38       0xb3 .\CortexM3\ARM_GCC_541\Debug\Pot_Control.a(CapSense_CSD_AMuxCH0.o)
 .debug_abbrev  0x00001feb      0x139 .\CortexM3\ARM_GCC_541\Debug\Pot_Control.a(CapSense_CSD_IntClock.o)
 .debug_abbrev  0x00002124       0x14 .\CortexM3\ARM_GCC_541\Debug\Pot_Control.a(CyBootAsmGnu.o)
 .debug_abbrev  0x00002138      0x1a7 .\CortexM3\ARM_GCC_541\Debug\Pot_Control.a(CyFlash.o)
 .debug_abbrev  0x000022df      0x194 .\CortexM3\ARM_GCC_541\Debug\Pot_Control.a(CySpc.o)

.debug_line     0x00000000     0x37c2
 *(.debug_line)
 .debug_line    0x00000000      0x303 .\CortexM3\ARM_GCC_541\Debug\main.o
 .debug_line    0x00000303      0x261 .\CortexM3\ARM_GCC_541\Debug\cyfitter_cfg.o
 .debug_line    0x00000564      0x141 .\CortexM3\ARM_GCC_541\Debug\cymetadata.o
 .debug_line    0x000006a5      0x234 .\CortexM3\ARM_GCC_541\Debug\Cm3Start.o
 .debug_line    0x000008d9      0x208 .\CortexM3\ARM_GCC_541\Debug\Pot_Control.a(ADC_SAR_1.o)
 .debug_line    0x00000ae1       0x56 .\CortexM3\ARM_GCC_541\Debug\Pot_Control.a(ADC_SAR_1_INT.o)
 .debug_line    0x00000b37      0x188 .\CortexM3\ARM_GCC_541\Debug\Pot_Control.a(PWM_1.o)
 .debug_line    0x00000cbf      0x816 .\CortexM3\ARM_GCC_541\Debug\Pot_Control.a(CyLib.o)
 .debug_line    0x000014d5      0x367 .\CortexM3\ARM_GCC_541\Debug\Pot_Control.a(cyPm.o)
 .debug_line    0x0000183c      0x1e3 .\CortexM3\ARM_GCC_541\Debug\Pot_Control.a(LCD_Char_1.o)
 .debug_line    0x00001a1f      0x188 .\CortexM3\ARM_GCC_541\Debug\Pot_Control.a(PWM_2.o)
 .debug_line    0x00001ba7      0x208 .\CortexM3\ARM_GCC_541\Debug\Pot_Control.a(ADC_SAR_2.o)
 .debug_line    0x00001daf       0x56 .\CortexM3\ARM_GCC_541\Debug\Pot_Control.a(ADC_SAR_2_INT.o)
 .debug_line    0x00001e05      0x371 .\CortexM3\ARM_GCC_541\Debug\Pot_Control.a(ADC_DelSig_1.o)
 .debug_line    0x00002176       0x89 .\CortexM3\ARM_GCC_541\Debug\Pot_Control.a(ADC_DelSig_1_INT.o)
 .debug_line    0x000021ff       0x8e .\CortexM3\ARM_GCC_541\Debug\Pot_Control.a(A.o)
 .debug_line    0x0000228d       0x8e .\CortexM3\ARM_GCC_541\Debug\Pot_Control.a(B.o)
 .debug_line    0x0000231b       0x8e .\CortexM3\ARM_GCC_541\Debug\Pot_Control.a(C.o)
 .debug_line    0x000023a9       0x8e .\CortexM3\ARM_GCC_541\Debug\Pot_Control.a(D.o)
 .debug_line    0x00002437      0x186 .\CortexM3\ARM_GCC_541\Debug\Pot_Control.a(ADC_DelSig_1_Ext_CP_Clk.o)
 .debug_line    0x000025bd       0xb5 .\CortexM3\ARM_GCC_541\Debug\Pot_Control.a(ADC_DelSig_1_AMux.o)
 .debug_line    0x00002672      0x188 .\CortexM3\ARM_GCC_541\Debug\Pot_Control.a(PWM_3.o)
 .debug_line    0x000027fa      0x2bf .\CortexM3\ARM_GCC_541\Debug\Pot_Control.a(CapSense_CSD.o)
 .debug_line    0x00002ab9      0x2be .\CortexM3\ARM_GCC_541\Debug\Pot_Control.a(CapSense_CSD_CSHL.o)
 .debug_line    0x00002d77       0x81 .\CortexM3\ARM_GCC_541\Debug\Pot_Control.a(CapSense_CSD_INT.o)
 .debug_line    0x00002df8      0x173 .\CortexM3\ARM_GCC_541\Debug\Pot_Control.a(CapSense_CSD_CompCH0.o)
 .debug_line    0x00002f6b      0x108 .\CortexM3\ARM_GCC_541\Debug\Pot_Control.a(CapSense_CSD_IdacCH0.o)
 .debug_line    0x00003073       0xeb .\CortexM3\ARM_GCC_541\Debug\Pot_Control.a(CapSense_CSD_AMuxCH0.o)
 .debug_line    0x0000315e      0x184 .\CortexM3\ARM_GCC_541\Debug\Pot_Control.a(CapSense_CSD_IntClock.o)
 .debug_line    0x000032e2       0x66 .\CortexM3\ARM_GCC_541\Debug\Pot_Control.a(CyBootAsmGnu.o)
 .debug_line    0x00003348      0x21a .\CortexM3\ARM_GCC_541\Debug\Pot_Control.a(CyFlash.o)
 .debug_line    0x00003562      0x260 .\CortexM3\ARM_GCC_541\Debug\Pot_Control.a(CySpc.o)

.debug_frame    0x00000000     0x28e8
 *(.debug_frame)
 .debug_frame   0x00000000       0x94 .\CortexM3\ARM_GCC_541\Debug\main.o
 .debug_frame   0x00000094      0x13c .\CortexM3\ARM_GCC_541\Debug\cyfitter_cfg.o
 .debug_frame   0x000001d0       0xb8 .\CortexM3\ARM_GCC_541\Debug\Cm3Start.o
 .debug_frame   0x00000288      0x1b0 .\CortexM3\ARM_GCC_541\Debug\Pot_Control.a(ADC_SAR_1.o)
 .debug_frame   0x00000438       0x20 .\CortexM3\ARM_GCC_541\Debug\Pot_Control.a(ADC_SAR_1_INT.o)
 .debug_frame   0x00000458      0x134 .\CortexM3\ARM_GCC_541\Debug\Pot_Control.a(PWM_1.o)
 .debug_frame   0x0000058c      0x738 .\CortexM3\ARM_GCC_541\Debug\Pot_Control.a(CyLib.o)
 .debug_frame   0x00000cc4      0x1f8 .\CortexM3\ARM_GCC_541\Debug\Pot_Control.a(cyPm.o)
 .debug_frame   0x00000ebc      0x1e8 .\CortexM3\ARM_GCC_541\Debug\Pot_Control.a(LCD_Char_1.o)
 .debug_frame   0x000010a4      0x134 .\CortexM3\ARM_GCC_541\Debug\Pot_Control.a(PWM_2.o)
 .debug_frame   0x000011d8      0x1b4 .\CortexM3\ARM_GCC_541\Debug\Pot_Control.a(ADC_SAR_2.o)
 .debug_frame   0x0000138c       0x20 .\CortexM3\ARM_GCC_541\Debug\Pot_Control.a(ADC_SAR_2_INT.o)
 .debug_frame   0x000013ac      0x284 .\CortexM3\ARM_GCC_541\Debug\Pot_Control.a(ADC_DelSig_1.o)
 .debug_frame   0x00001630       0x50 .\CortexM3\ARM_GCC_541\Debug\Pot_Control.a(ADC_DelSig_1_INT.o)
 .debug_frame   0x00001680       0x50 .\CortexM3\ARM_GCC_541\Debug\Pot_Control.a(A.o)
 .debug_frame   0x000016d0       0x50 .\CortexM3\ARM_GCC_541\Debug\Pot_Control.a(B.o)
 .debug_frame   0x00001720       0x50 .\CortexM3\ARM_GCC_541\Debug\Pot_Control.a(C.o)
 .debug_frame   0x00001770       0x50 .\CortexM3\ARM_GCC_541\Debug\Pot_Control.a(D.o)
 .debug_frame   0x000017c0       0xe0 .\CortexM3\ARM_GCC_541\Debug\Pot_Control.a(ADC_DelSig_1_Ext_CP_Clk.o)
 .debug_frame   0x000018a0       0x64 .\CortexM3\ARM_GCC_541\Debug\Pot_Control.a(ADC_DelSig_1_AMux.o)
 .debug_frame   0x00001904      0x134 .\CortexM3\ARM_GCC_541\Debug\Pot_Control.a(PWM_3.o)
 .debug_frame   0x00001a38      0x1dc .\CortexM3\ARM_GCC_541\Debug\Pot_Control.a(CapSense_CSD.o)
 .debug_frame   0x00001c14      0x1c4 .\CortexM3\ARM_GCC_541\Debug\Pot_Control.a(CapSense_CSD_CSHL.o)
 .debug_frame   0x00001dd8       0x2c .\CortexM3\ARM_GCC_541\Debug\Pot_Control.a(CapSense_CSD_INT.o)
 .debug_frame   0x00001e04      0x108 .\CortexM3\ARM_GCC_541\Debug\Pot_Control.a(CapSense_CSD_CompCH0.o)
 .debug_frame   0x00001f0c       0xd0 .\CortexM3\ARM_GCC_541\Debug\Pot_Control.a(CapSense_CSD_IdacCH0.o)
 .debug_frame   0x00001fdc       0xb8 .\CortexM3\ARM_GCC_541\Debug\Pot_Control.a(CapSense_CSD_AMuxCH0.o)
 .debug_frame   0x00002094       0xe0 .\CortexM3\ARM_GCC_541\Debug\Pot_Control.a(CapSense_CSD_IntClock.o)
 .debug_frame   0x00002174      0x194 .\CortexM3\ARM_GCC_541\Debug\Pot_Control.a(CyFlash.o)
 .debug_frame   0x00002308      0x180 .\CortexM3\ARM_GCC_541\Debug\Pot_Control.a(CySpc.o)
 .debug_frame   0x00002488       0x44 c:/program files (x86)/cypress/psoc creator/4.2/psoc creator/import/gnu/arm/5.4.1/bin/../lib/gcc/arm-none-eabi/5.4.1/armv7-m\libgcc.a(_aeabi_ldivmod.o)
 .debug_frame   0x000024cc       0x38 c:/program files (x86)/cypress/psoc creator/4.2/psoc creator/import/gnu/arm/5.4.1/bin/../lib/gcc/arm-none-eabi/5.4.1/armv7-m\libgcc.a(_udivmoddi4.o)
 .debug_frame   0x00002504       0x20 c:/program files (x86)/cypress/psoc creator/4.2/psoc creator/import/gnu/arm/5.4.1/bin/../lib/gcc/arm-none-eabi/5.4.1/../../../../arm-none-eabi/lib/armv7-m\libg_nano.a(lib_a-errno.o)
 .debug_frame   0x00002524       0x28 c:/program files (x86)/cypress/psoc creator/4.2/psoc creator/import/gnu/arm/5.4.1/bin/../lib/gcc/arm-none-eabi/5.4.1/../../../../arm-none-eabi/lib/armv7-m\libg_nano.a(lib_a-exit.o)
 .debug_frame   0x0000254c       0x2c c:/program files (x86)/cypress/psoc creator/4.2/psoc creator/import/gnu/arm/5.4.1/bin/../lib/gcc/arm-none-eabi/5.4.1/../../../../arm-none-eabi/lib/armv7-m\libg_nano.a(lib_a-init.o)
 .debug_frame   0x00002578       0x28 c:/program files (x86)/cypress/psoc creator/4.2/psoc creator/import/gnu/arm/5.4.1/bin/../lib/gcc/arm-none-eabi/5.4.1/../../../../arm-none-eabi/lib/armv7-m\libg_nano.a(lib_a-memcpy-stub.o)
 .debug_frame   0x000025a0       0x20 c:/program files (x86)/cypress/psoc creator/4.2/psoc creator/import/gnu/arm/5.4.1/bin/../lib/gcc/arm-none-eabi/5.4.1/../../../../arm-none-eabi/lib/armv7-m\libg_nano.a(lib_a-memset.o)
 .debug_frame   0x000025c0       0x70 c:/program files (x86)/cypress/psoc creator/4.2/psoc creator/import/gnu/arm/5.4.1/bin/../lib/gcc/arm-none-eabi/5.4.1/../../../../arm-none-eabi/lib/armv7-m\libg_nano.a(lib_a-sprintf.o)
 .debug_frame   0x00002630       0x90 c:/program files (x86)/cypress/psoc creator/4.2/psoc creator/import/gnu/arm/5.4.1/bin/../lib/gcc/arm-none-eabi/5.4.1/../../../../arm-none-eabi/lib/armv7-m\libg_nano.a(lib_a-nano-svfprintf.o)
 .debug_frame   0x000026c0       0x60 c:/program files (x86)/cypress/psoc creator/4.2/psoc creator/import/gnu/arm/5.4.1/bin/../lib/gcc/arm-none-eabi/5.4.1/../../../../arm-none-eabi/lib/armv7-m\libg_nano.a(lib_a-nano-vfprintf_i.o)
 .debug_frame   0x00002720       0x28 c:/program files (x86)/cypress/psoc creator/4.2/psoc creator/import/gnu/arm/5.4.1/bin/../lib/gcc/arm-none-eabi/5.4.1/../../../../arm-none-eabi/lib/armv7-m\libg_nano.a(lib_a-memchr-stub.o)
 .debug_frame   0x00002748       0x28 c:/program files (x86)/cypress/psoc creator/4.2/psoc creator/import/gnu/arm/5.4.1/bin/../lib/gcc/arm-none-eabi/5.4.1/../../../../arm-none-eabi/lib/armv7-m\libg_nano.a(lib_a-memmove.o)
 .debug_frame   0x00002770       0x38 c:/program files (x86)/cypress/psoc creator/4.2/psoc creator/import/gnu/arm/5.4.1/bin/../lib/gcc/arm-none-eabi/5.4.1/../../../../arm-none-eabi/lib/armv7-m\libg_nano.a(lib_a-nano-freer.o)
 .debug_frame   0x000027a8       0x2c c:/program files (x86)/cypress/psoc creator/4.2/psoc creator/import/gnu/arm/5.4.1/bin/../lib/gcc/arm-none-eabi/5.4.1/../../../../arm-none-eabi/lib/armv7-m\libg_nano.a(lib_a-nano-mallocr.o)
 .debug_frame   0x000027d4       0x3c c:/program files (x86)/cypress/psoc creator/4.2/psoc creator/import/gnu/arm/5.4.1/bin/../lib/gcc/arm-none-eabi/5.4.1/../../../../arm-none-eabi/lib/armv7-m\libg_nano.a(lib_a-nano-reallocr.o)
 .debug_frame   0x00002810       0x2c c:/program files (x86)/cypress/psoc creator/4.2/psoc creator/import/gnu/arm/5.4.1/bin/../lib/gcc/arm-none-eabi/5.4.1/../../../../arm-none-eabi/lib/armv7-m\libg_nano.a(lib_a-sbrkr.o)
 .debug_frame   0x0000283c       0x30 c:/program files (x86)/cypress/psoc creator/4.2/psoc creator/import/gnu/arm/5.4.1/bin/../lib/gcc/arm-none-eabi/5.4.1/../../../../arm-none-eabi/lib/armv7-m\libg_nano.a(lib_a-mlock.o)
 .debug_frame   0x0000286c       0x20 c:/program files (x86)/cypress/psoc creator/4.2/psoc creator/import/gnu/arm/5.4.1/bin/../lib/gcc/arm-none-eabi/5.4.1/../../../../arm-none-eabi/lib/armv7-m\libg_nano.a(lib_a-nano-msizer.o)
 .debug_frame   0x0000288c       0x5c c:/program files (x86)/cypress/psoc creator/4.2/psoc creator/import/gnu/arm/5.4.1/bin/../lib/gcc/arm-none-eabi/5.4.1/../../../../arm-none-eabi/lib/armv7-m\libg_nano.a(lib_a-reent.o)

.debug_str      0x00000000     0x35f2
 *(.debug_str)
 .debug_str     0x00000000      0x49d .\CortexM3\ARM_GCC_541\Debug\main.o
                                0x4fc (size before relaxing)
 .debug_str     0x0000049d      0x2a2 .\CortexM3\ARM_GCC_541\Debug\cyfitter_cfg.o
                                0x444 (size before relaxing)
 .debug_str     0x0000073f       0x75 .\CortexM3\ARM_GCC_541\Debug\cymetadata.o
                                0x1f0 (size before relaxing)
 .debug_str     0x000007b4      0x13e .\CortexM3\ARM_GCC_541\Debug\Cm3Start.o
                                0x316 (size before relaxing)
 .debug_str     0x000008f2      0x257 .\CortexM3\ARM_GCC_541\Debug\Pot_Control.a(ADC_SAR_1.o)
                                0x4a7 (size before relaxing)
 .debug_str     0x00000b49       0x35 .\CortexM3\ARM_GCC_541\Debug\Pot_Control.a(ADC_SAR_1_INT.o)
                                0x1a7 (size before relaxing)
 .debug_str     0x00000b7e      0x17f .\CortexM3\ARM_GCC_541\Debug\Pot_Control.a(PWM_1.o)
                                0x36a (size before relaxing)
 .debug_str     0x00000cfd      0x7e6 .\CortexM3\ARM_GCC_541\Debug\Pot_Control.a(CyLib.o)
                                0xa53 (size before relaxing)
 .debug_str     0x000014e3      0x365 .\CortexM3\ARM_GCC_541\Debug\Pot_Control.a(cyPm.o)
                                0x73f (size before relaxing)
 .debug_str     0x00001848      0x19a .\CortexM3\ARM_GCC_541\Debug\Pot_Control.a(LCD_Char_1.o)
                                0x3c3 (size before relaxing)
 .debug_str     0x000019e2      0x146 .\CortexM3\ARM_GCC_541\Debug\Pot_Control.a(PWM_2.o)
                                0x36a (size before relaxing)
 .debug_str     0x00001b28      0x1ac .\CortexM3\ARM_GCC_541\Debug\Pot_Control.a(ADC_SAR_2.o)
                                0x4a7 (size before relaxing)
 .debug_str     0x00001cd4       0x35 .\CortexM3\ARM_GCC_541\Debug\Pot_Control.a(ADC_SAR_2_INT.o)
                                0x1a7 (size before relaxing)
 .debug_str     0x00001d09      0x3fb .\CortexM3\ARM_GCC_541\Debug\Pot_Control.a(ADC_DelSig_1.o)
                                0x6f9 (size before relaxing)
 .debug_str     0x00002104       0x72 .\CortexM3\ARM_GCC_541\Debug\Pot_Control.a(ADC_DelSig_1_INT.o)
                                0x1f9 (size before relaxing)
 .debug_str     0x00002176       0x4a .\CortexM3\ARM_GCC_541\Debug\Pot_Control.a(A.o)
                                0x1da (size before relaxing)
 .debug_str     0x000021c0       0x3f .\CortexM3\ARM_GCC_541\Debug\Pot_Control.a(B.o)
                                0x1da (size before relaxing)
 .debug_str     0x000021ff       0x3f .\CortexM3\ARM_GCC_541\Debug\Pot_Control.a(C.o)
                                0x1da (size before relaxing)
 .debug_str     0x0000223e       0x3f .\CortexM3\ARM_GCC_541\Debug\Pot_Control.a(D.o)
                                0x1da (size before relaxing)
 .debug_str     0x0000227d      0x1c7 .\CortexM3\ARM_GCC_541\Debug\Pot_Control.a(ADC_DelSig_1_Ext_CP_Clk.o)
                                0x3ba (size before relaxing)
 .debug_str     0x00002444       0x83 .\CortexM3\ARM_GCC_541\Debug\Pot_Control.a(ADC_DelSig_1_AMux.o)
                                0x24a (size before relaxing)
 .debug_str     0x000024c7      0x146 .\CortexM3\ARM_GCC_541\Debug\Pot_Control.a(PWM_3.o)
                                0x36a (size before relaxing)
 .debug_str     0x0000260d      0x484 .\CortexM3\ARM_GCC_541\Debug\Pot_Control.a(CapSense_CSD.o)
                                0x70e (size before relaxing)
 .debug_str     0x00002a91      0x3e7 .\CortexM3\ARM_GCC_541\Debug\Pot_Control.a(CapSense_CSD_CSHL.o)
                                0x712 (size before relaxing)
 .debug_str     0x00002e78       0x42 .\CortexM3\ARM_GCC_541\Debug\Pot_Control.a(CapSense_CSD_INT.o)
                                0x240 (size before relaxing)
 .debug_str     0x00002eba      0x199 .\CortexM3\ARM_GCC_541\Debug\Pot_Control.a(CapSense_CSD_CompCH0.o)
                                0x39a (size before relaxing)
 .debug_str     0x00003053       0xb0 .\CortexM3\ARM_GCC_541\Debug\Pot_Control.a(CapSense_CSD_IdacCH0.o)
                                0x2eb (size before relaxing)
 .debug_str     0x00003103      0x100 .\CortexM3\ARM_GCC_541\Debug\Pot_Control.a(CapSense_CSD_AMuxCH0.o)
                                0x2d3 (size before relaxing)
 .debug_str     0x00003203      0x188 .\CortexM3\ARM_GCC_541\Debug\Pot_Control.a(CapSense_CSD_IntClock.o)
                                0x3a2 (size before relaxing)
 .debug_str     0x0000338b      0x1bb .\CortexM3\ARM_GCC_541\Debug\Pot_Control.a(CyFlash.o)
                                0x3cc (size before relaxing)
 .debug_str     0x00003546       0xac .\CortexM3\ARM_GCC_541\Debug\Pot_Control.a(CySpc.o)
                                0x344 (size before relaxing)

.debug_loc      0x00000000     0x3c40
 *(.debug_loc)
 .debug_loc     0x00000000      0x1e7 .\CortexM3\ARM_GCC_541\Debug\main.o
 .debug_loc     0x000001e7      0x304 .\CortexM3\ARM_GCC_541\Debug\cyfitter_cfg.o
 .debug_loc     0x000004eb      0x144 .\CortexM3\ARM_GCC_541\Debug\Cm3Start.o
 .debug_loc     0x0000062f      0x295 .\CortexM3\ARM_GCC_541\Debug\Pot_Control.a(ADC_SAR_1.o)
 .debug_loc     0x000008c4       0x26 .\CortexM3\ARM_GCC_541\Debug\Pot_Control.a(PWM_1.o)
 .debug_loc     0x000008ea      0xa11 .\CortexM3\ARM_GCC_541\Debug\Pot_Control.a(CyLib.o)
 .debug_loc     0x000012fb      0x1e4 .\CortexM3\ARM_GCC_541\Debug\Pot_Control.a(cyPm.o)
 .debug_loc     0x000014df      0x3c6 .\CortexM3\ARM_GCC_541\Debug\Pot_Control.a(LCD_Char_1.o)
 .debug_loc     0x000018a5       0x26 .\CortexM3\ARM_GCC_541\Debug\Pot_Control.a(PWM_2.o)
 .debug_loc     0x000018cb      0x295 .\CortexM3\ARM_GCC_541\Debug\Pot_Control.a(ADC_SAR_2.o)
 .debug_loc     0x00001b60      0x69d .\CortexM3\ARM_GCC_541\Debug\Pot_Control.a(ADC_DelSig_1.o)
 .debug_loc     0x000021fd       0x42 .\CortexM3\ARM_GCC_541\Debug\Pot_Control.a(A.o)
 .debug_loc     0x0000223f       0x42 .\CortexM3\ARM_GCC_541\Debug\Pot_Control.a(B.o)
 .debug_loc     0x00002281       0x42 .\CortexM3\ARM_GCC_541\Debug\Pot_Control.a(C.o)
 .debug_loc     0x000022c3       0x42 .\CortexM3\ARM_GCC_541\Debug\Pot_Control.a(D.o)
 .debug_loc     0x00002305      0x12c .\CortexM3\ARM_GCC_541\Debug\Pot_Control.a(ADC_DelSig_1_Ext_CP_Clk.o)
 .debug_loc     0x00002431       0x6c .\CortexM3\ARM_GCC_541\Debug\Pot_Control.a(ADC_DelSig_1_AMux.o)
 .debug_loc     0x0000249d       0x26 .\CortexM3\ARM_GCC_541\Debug\Pot_Control.a(PWM_3.o)
 .debug_loc     0x000024c3      0x26c .\CortexM3\ARM_GCC_541\Debug\Pot_Control.a(CapSense_CSD.o)
 .debug_loc     0x0000272f      0x763 .\CortexM3\ARM_GCC_541\Debug\Pot_Control.a(CapSense_CSD_CSHL.o)
 .debug_loc     0x00002e92       0xed .\CortexM3\ARM_GCC_541\Debug\Pot_Control.a(CapSense_CSD_CompCH0.o)
 .debug_loc     0x00002f7f       0x76 .\CortexM3\ARM_GCC_541\Debug\Pot_Control.a(CapSense_CSD_IdacCH0.o)
 .debug_loc     0x00002ff5       0x6c .\CortexM3\ARM_GCC_541\Debug\Pot_Control.a(CapSense_CSD_AMuxCH0.o)
 .debug_loc     0x00003061      0x128 .\CortexM3\ARM_GCC_541\Debug\Pot_Control.a(CapSense_CSD_IntClock.o)
 .debug_loc     0x00003189      0x3b2 .\CortexM3\ARM_GCC_541\Debug\Pot_Control.a(CyFlash.o)
 .debug_loc     0x0000353b      0x705 .\CortexM3\ARM_GCC_541\Debug\Pot_Control.a(CySpc.o)

.debug_macinfo
 *(.debug_macinfo)

.debug_ranges   0x00000000      0xcd0
 *(.debug_ranges)
 .debug_ranges  0x00000000       0x28 .\CortexM3\ARM_GCC_541\Debug\main.o
 .debug_ranges  0x00000028       0x68 .\CortexM3\ARM_GCC_541\Debug\cyfitter_cfg.o
 .debug_ranges  0x00000090       0x38 .\CortexM3\ARM_GCC_541\Debug\Cm3Start.o
 .debug_ranges  0x000000c8       0x98 .\CortexM3\ARM_GCC_541\Debug\Pot_Control.a(ADC_SAR_1.o)
 .debug_ranges  0x00000160       0x10 .\CortexM3\ARM_GCC_541\Debug\Pot_Control.a(ADC_SAR_1_INT.o)
 .debug_ranges  0x00000170       0x88 .\CortexM3\ARM_GCC_541\Debug\Pot_Control.a(PWM_1.o)
 .debug_ranges  0x000001f8      0x290 .\CortexM3\ARM_GCC_541\Debug\Pot_Control.a(CyLib.o)
 .debug_ranges  0x00000488       0x88 .\CortexM3\ARM_GCC_541\Debug\Pot_Control.a(cyPm.o)
 .debug_ranges  0x00000510       0x88 .\CortexM3\ARM_GCC_541\Debug\Pot_Control.a(LCD_Char_1.o)
 .debug_ranges  0x00000598       0x88 .\CortexM3\ARM_GCC_541\Debug\Pot_Control.a(PWM_2.o)
 .debug_ranges  0x00000620       0x98 .\CortexM3\ARM_GCC_541\Debug\Pot_Control.a(ADC_SAR_2.o)
 .debug_ranges  0x000006b8       0x10 .\CortexM3\ARM_GCC_541\Debug\Pot_Control.a(ADC_SAR_2_INT.o)
 .debug_ranges  0x000006c8       0xd8 .\CortexM3\ARM_GCC_541\Debug\Pot_Control.a(ADC_DelSig_1.o)
 .debug_ranges  0x000007a0       0x28 .\CortexM3\ARM_GCC_541\Debug\Pot_Control.a(ADC_DelSig_1_INT.o)
 .debug_ranges  0x000007c8       0x28 .\CortexM3\ARM_GCC_541\Debug\Pot_Control.a(A.o)
 .debug_ranges  0x000007f0       0x28 .\CortexM3\ARM_GCC_541\Debug\Pot_Control.a(B.o)
 .debug_ranges  0x00000818       0x28 .\CortexM3\ARM_GCC_541\Debug\Pot_Control.a(C.o)
 .debug_ranges  0x00000840       0x28 .\CortexM3\ARM_GCC_541\Debug\Pot_Control.a(D.o)
 .debug_ranges  0x00000868       0x60 .\CortexM3\ARM_GCC_541\Debug\Pot_Control.a(ADC_DelSig_1_Ext_CP_Clk.o)
 .debug_ranges  0x000008c8       0x20 .\CortexM3\ARM_GCC_541\Debug\Pot_Control.a(ADC_DelSig_1_AMux.o)
 .debug_ranges  0x000008e8       0x88 .\CortexM3\ARM_GCC_541\Debug\Pot_Control.a(PWM_3.o)
 .debug_ranges  0x00000970       0xa0 .\CortexM3\ARM_GCC_541\Debug\Pot_Control.a(CapSense_CSD.o)
 .debug_ranges  0x00000a10       0x80 .\CortexM3\ARM_GCC_541\Debug\Pot_Control.a(CapSense_CSD_CSHL.o)
 .debug_ranges  0x00000a90       0x10 .\CortexM3\ARM_GCC_541\Debug\Pot_Control.a(CapSense_CSD_INT.o)
 .debug_ranges  0x00000aa0       0x60 .\CortexM3\ARM_GCC_541\Debug\Pot_Control.a(CapSense_CSD_CompCH0.o)
 .debug_ranges  0x00000b00       0x50 .\CortexM3\ARM_GCC_541\Debug\Pot_Control.a(CapSense_CSD_IdacCH0.o)
 .debug_ranges  0x00000b50       0x38 .\CortexM3\ARM_GCC_541\Debug\Pot_Control.a(CapSense_CSD_AMuxCH0.o)
 .debug_ranges  0x00000b88       0x60 .\CortexM3\ARM_GCC_541\Debug\Pot_Control.a(CapSense_CSD_IntClock.o)
 .debug_ranges  0x00000be8       0x78 .\CortexM3\ARM_GCC_541\Debug\Pot_Control.a(CyFlash.o)
 .debug_ranges  0x00000c60       0x70 .\CortexM3\ARM_GCC_541\Debug\Pot_Control.a(CySpc.o)

.comment        0x00000000       0x6e
 .comment       0x00000000       0x6e .\CortexM3\ARM_GCC_541\Debug\main.o
                                 0x6f (size before relaxing)
 .comment       0x0000006e       0x6f .\CortexM3\ARM_GCC_541\Debug\cyfitter_cfg.o
 .comment       0x0000006e       0x6f .\CortexM3\ARM_GCC_541\Debug\cymetadata.o
 .comment       0x0000006e       0x6f .\CortexM3\ARM_GCC_541\Debug\Cm3Start.o
 .comment       0x0000006e       0x6f .\CortexM3\ARM_GCC_541\Debug\Pot_Control.a(ADC_SAR_1.o)
 .comment       0x0000006e       0x6f .\CortexM3\ARM_GCC_541\Debug\Pot_Control.a(ADC_SAR_1_INT.o)
 .comment       0x0000006e       0x6f .\CortexM3\ARM_GCC_541\Debug\Pot_Control.a(PWM_1.o)
 .comment       0x0000006e       0x6f .\CortexM3\ARM_GCC_541\Debug\Pot_Control.a(CyLib.o)
 .comment       0x0000006e       0x6f .\CortexM3\ARM_GCC_541\Debug\Pot_Control.a(cyPm.o)
 .comment       0x0000006e       0x6f .\CortexM3\ARM_GCC_541\Debug\Pot_Control.a(LCD_Char_1.o)
 .comment       0x0000006e       0x6f .\CortexM3\ARM_GCC_541\Debug\Pot_Control.a(PWM_2.o)
 .comment       0x0000006e       0x6f .\CortexM3\ARM_GCC_541\Debug\Pot_Control.a(ADC_SAR_2.o)
 .comment       0x0000006e       0x6f .\CortexM3\ARM_GCC_541\Debug\Pot_Control.a(ADC_SAR_2_INT.o)
 .comment       0x0000006e       0x6f .\CortexM3\ARM_GCC_541\Debug\Pot_Control.a(ADC_DelSig_1.o)
 .comment       0x0000006e       0x6f .\CortexM3\ARM_GCC_541\Debug\Pot_Control.a(ADC_DelSig_1_INT.o)
 .comment       0x0000006e       0x6f .\CortexM3\ARM_GCC_541\Debug\Pot_Control.a(A.o)
 .comment       0x0000006e       0x6f .\CortexM3\ARM_GCC_541\Debug\Pot_Control.a(B.o)
 .comment       0x0000006e       0x6f .\CortexM3\ARM_GCC_541\Debug\Pot_Control.a(C.o)
 .comment       0x0000006e       0x6f .\CortexM3\ARM_GCC_541\Debug\Pot_Control.a(D.o)
 .comment       0x0000006e       0x6f .\CortexM3\ARM_GCC_541\Debug\Pot_Control.a(ADC_DelSig_1_Ext_CP_Clk.o)
 .comment       0x0000006e       0x6f .\CortexM3\ARM_GCC_541\Debug\Pot_Control.a(ADC_DelSig_1_AMux.o)
 .comment       0x0000006e       0x6f .\CortexM3\ARM_GCC_541\Debug\Pot_Control.a(PWM_3.o)
 .comment       0x0000006e       0x6f .\CortexM3\ARM_GCC_541\Debug\Pot_Control.a(CapSense_CSD.o)
 .comment       0x0000006e       0x6f .\CortexM3\ARM_GCC_541\Debug\Pot_Control.a(CapSense_CSD_CSHL.o)
 .comment       0x0000006e       0x6f .\CortexM3\ARM_GCC_541\Debug\Pot_Control.a(CapSense_CSD_INT.o)
 .comment       0x0000006e       0x6f .\CortexM3\ARM_GCC_541\Debug\Pot_Control.a(CapSense_CSD_CompCH0.o)
 .comment       0x0000006e       0x6f .\CortexM3\ARM_GCC_541\Debug\Pot_Control.a(CapSense_CSD_IdacCH0.o)
 .comment       0x0000006e       0x6f .\CortexM3\ARM_GCC_541\Debug\Pot_Control.a(CapSense_CSD_AMuxCH0.o)
 .comment       0x0000006e       0x6f .\CortexM3\ARM_GCC_541\Debug\Pot_Control.a(CapSense_CSD_IntClock.o)
 .comment       0x0000006e       0x6f .\CortexM3\ARM_GCC_541\Debug\Pot_Control.a(CyFlash.o)
 .comment       0x0000006e       0x6f .\CortexM3\ARM_GCC_541\Debug\Pot_Control.a(CySpc.o)

.debug_weaknames
 *(.debug_weaknames)

.debug_funcnames
 *(.debug_funcnames)

.debug_typenames
 *(.debug_typenames)

.debug_varnames
 *(.debug_varnames)

.note.gnu.arm.ident
 *(.note.gnu.arm.ident)

.ARM.attributes
                0x00000000       0x29
 *(.ARM.attributes)
 .ARM.attributes
                0x00000000       0x1d c:/program files (x86)/cypress/psoc creator/4.2/psoc creator/import/gnu/arm/5.4.1/bin/../lib/gcc/arm-none-eabi/5.4.1/armv7-m/crti.o
 .ARM.attributes
                0x0000001d       0x2d c:/program files (x86)/cypress/psoc creator/4.2/psoc creator/import/gnu/arm/5.4.1/bin/../lib/gcc/arm-none-eabi/5.4.1/armv7-m/crtbegin.o
 .ARM.attributes
                0x0000004a       0x1b c:/program files (x86)/cypress/psoc creator/4.2/psoc creator/import/gnu/arm/5.4.1/bin/../lib/gcc/arm-none-eabi/5.4.1/../../../../arm-none-eabi/lib/armv7-m/crt0.o
 .ARM.attributes
                0x00000065       0x33 .\CortexM3\ARM_GCC_541\Debug\main.o
 .ARM.attributes
                0x00000098       0x33 .\CortexM3\ARM_GCC_541\Debug\cyfitter_cfg.o
 .ARM.attributes
                0x000000cb       0x33 .\CortexM3\ARM_GCC_541\Debug\cymetadata.o
 .ARM.attributes
                0x000000fe       0x33 .\CortexM3\ARM_GCC_541\Debug\Cm3Start.o
 .ARM.attributes
                0x00000131       0x33 .\CortexM3\ARM_GCC_541\Debug\Pot_Control.a(ADC_SAR_1.o)
 .ARM.attributes
                0x00000164       0x33 .\CortexM3\ARM_GCC_541\Debug\Pot_Control.a(ADC_SAR_1_INT.o)
 .ARM.attributes
                0x00000197       0x33 .\CortexM3\ARM_GCC_541\Debug\Pot_Control.a(PWM_1.o)
 .ARM.attributes
                0x000001ca       0x33 .\CortexM3\ARM_GCC_541\Debug\Pot_Control.a(CyLib.o)
 .ARM.attributes
                0x000001fd       0x33 .\CortexM3\ARM_GCC_541\Debug\Pot_Control.a(cyPm.o)
 .ARM.attributes
                0x00000230       0x33 .\CortexM3\ARM_GCC_541\Debug\Pot_Control.a(LCD_Char_1.o)
 .ARM.attributes
                0x00000263       0x33 .\CortexM3\ARM_GCC_541\Debug\Pot_Control.a(PWM_2.o)
 .ARM.attributes
                0x00000296       0x33 .\CortexM3\ARM_GCC_541\Debug\Pot_Control.a(ADC_SAR_2.o)
 .ARM.attributes
                0x000002c9       0x33 .\CortexM3\ARM_GCC_541\Debug\Pot_Control.a(ADC_SAR_2_INT.o)
 .ARM.attributes
                0x000002fc       0x33 .\CortexM3\ARM_GCC_541\Debug\Pot_Control.a(ADC_DelSig_1.o)
 .ARM.attributes
                0x0000032f       0x33 .\CortexM3\ARM_GCC_541\Debug\Pot_Control.a(ADC_DelSig_1_INT.o)
 .ARM.attributes
                0x00000362       0x33 .\CortexM3\ARM_GCC_541\Debug\Pot_Control.a(A.o)
 .ARM.attributes
                0x00000395       0x33 .\CortexM3\ARM_GCC_541\Debug\Pot_Control.a(B.o)
 .ARM.attributes
                0x000003c8       0x33 .\CortexM3\ARM_GCC_541\Debug\Pot_Control.a(C.o)
 .ARM.attributes
                0x000003fb       0x33 .\CortexM3\ARM_GCC_541\Debug\Pot_Control.a(D.o)
 .ARM.attributes
                0x0000042e       0x33 .\CortexM3\ARM_GCC_541\Debug\Pot_Control.a(ADC_DelSig_1_Ext_CP_Clk.o)
 .ARM.attributes
                0x00000461       0x33 .\CortexM3\ARM_GCC_541\Debug\Pot_Control.a(ADC_DelSig_1_AMux.o)
 .ARM.attributes
                0x00000494       0x33 .\CortexM3\ARM_GCC_541\Debug\Pot_Control.a(PWM_3.o)
 .ARM.attributes
                0x000004c7       0x33 .\CortexM3\ARM_GCC_541\Debug\Pot_Control.a(CapSense_CSD.o)
 .ARM.attributes
                0x000004fa       0x33 .\CortexM3\ARM_GCC_541\Debug\Pot_Control.a(CapSense_CSD_CSHL.o)
 .ARM.attributes
                0x0000052d       0x33 .\CortexM3\ARM_GCC_541\Debug\Pot_Control.a(CapSense_CSD_INT.o)
 .ARM.attributes
                0x00000560       0x33 .\CortexM3\ARM_GCC_541\Debug\Pot_Control.a(CapSense_CSD_CompCH0.o)
 .ARM.attributes
                0x00000593       0x33 .\CortexM3\ARM_GCC_541\Debug\Pot_Control.a(CapSense_CSD_IdacCH0.o)
 .ARM.attributes
                0x000005c6       0x33 .\CortexM3\ARM_GCC_541\Debug\Pot_Control.a(CapSense_CSD_AMuxCH0.o)
 .ARM.attributes
                0x000005f9       0x33 .\CortexM3\ARM_GCC_541\Debug\Pot_Control.a(CapSense_CSD_IntClock.o)
 .ARM.attributes
                0x0000062c       0x21 .\CortexM3\ARM_GCC_541\Debug\Pot_Control.a(CyBootAsmGnu.o)
 .ARM.attributes
                0x0000064d       0x33 .\CortexM3\ARM_GCC_541\Debug\Pot_Control.a(CyFlash.o)
 .ARM.attributes
                0x00000680       0x33 .\CortexM3\ARM_GCC_541\Debug\Pot_Control.a(CySpc.o)
 .ARM.attributes
                0x000006b3       0x1d c:/program files (x86)/cypress/psoc creator/4.2/psoc creator/import/gnu/arm/5.4.1/bin/../lib/gcc/arm-none-eabi/5.4.1/armv7-m\libgcc.a(_arm_addsubdf3.o)
 .ARM.attributes
                0x000006d0       0x1d c:/program files (x86)/cypress/psoc creator/4.2/psoc creator/import/gnu/arm/5.4.1/bin/../lib/gcc/arm-none-eabi/5.4.1/armv7-m\libgcc.a(_arm_cmpdf2.o)
 .ARM.attributes
                0x000006ed       0x1d c:/program files (x86)/cypress/psoc creator/4.2/psoc creator/import/gnu/arm/5.4.1/bin/../lib/gcc/arm-none-eabi/5.4.1/armv7-m\libgcc.a(_arm_addsubsf3.o)
 .ARM.attributes
                0x0000070a       0x1d c:/program files (x86)/cypress/psoc creator/4.2/psoc creator/import/gnu/arm/5.4.1/bin/../lib/gcc/arm-none-eabi/5.4.1/armv7-m\libgcc.a(_arm_muldivsf3.o)
 .ARM.attributes
                0x00000727       0x1d c:/program files (x86)/cypress/psoc creator/4.2/psoc creator/import/gnu/arm/5.4.1/bin/../lib/gcc/arm-none-eabi/5.4.1/armv7-m\libgcc.a(_arm_fixunssfsi.o)
 .ARM.attributes
                0x00000744       0x1d c:/program files (x86)/cypress/psoc creator/4.2/psoc creator/import/gnu/arm/5.4.1/bin/../lib/gcc/arm-none-eabi/5.4.1/armv7-m\libgcc.a(_aeabi_ldivmod.o)
 .ARM.attributes
                0x00000761       0x2d c:/program files (x86)/cypress/psoc creator/4.2/psoc creator/import/gnu/arm/5.4.1/bin/../lib/gcc/arm-none-eabi/5.4.1/armv7-m\libgcc.a(_udivmoddi4.o)
 .ARM.attributes
                0x0000078e       0x1d c:/program files (x86)/cypress/psoc creator/4.2/psoc creator/import/gnu/arm/5.4.1/bin/../lib/gcc/arm-none-eabi/5.4.1/armv7-m\libgcc.a(_dvmd_tls.o)
 .ARM.attributes
                0x000007ab       0x2d c:/program files (x86)/cypress/psoc creator/4.2/psoc creator/import/gnu/arm/5.4.1/bin/../lib/gcc/arm-none-eabi/5.4.1/../../../../arm-none-eabi/lib/armv7-m\libg_nano.a(lib_a-errno.o)
 .ARM.attributes
                0x000007d8       0x2d c:/program files (x86)/cypress/psoc creator/4.2/psoc creator/import/gnu/arm/5.4.1/bin/../lib/gcc/arm-none-eabi/5.4.1/../../../../arm-none-eabi/lib/armv7-m\libg_nano.a(lib_a-exit.o)
 .ARM.attributes
                0x00000805       0x2d c:/program files (x86)/cypress/psoc creator/4.2/psoc creator/import/gnu/arm/5.4.1/bin/../lib/gcc/arm-none-eabi/5.4.1/../../../../arm-none-eabi/lib/armv7-m\libg_nano.a(lib_a-impure.o)
 .ARM.attributes
                0x00000832       0x2d c:/program files (x86)/cypress/psoc creator/4.2/psoc creator/import/gnu/arm/5.4.1/bin/../lib/gcc/arm-none-eabi/5.4.1/../../../../arm-none-eabi/lib/armv7-m\libg_nano.a(lib_a-init.o)
 .ARM.attributes
                0x0000085f       0x2d c:/program files (x86)/cypress/psoc creator/4.2/psoc creator/import/gnu/arm/5.4.1/bin/../lib/gcc/arm-none-eabi/5.4.1/../../../../arm-none-eabi/lib/armv7-m\libg_nano.a(lib_a-memcpy-stub.o)
 .ARM.attributes
                0x0000088c       0x2d c:/program files (x86)/cypress/psoc creator/4.2/psoc creator/import/gnu/arm/5.4.1/bin/../lib/gcc/arm-none-eabi/5.4.1/../../../../arm-none-eabi/lib/armv7-m\libg_nano.a(lib_a-memset.o)
 .ARM.attributes
                0x000008b9       0x2d c:/program files (x86)/cypress/psoc creator/4.2/psoc creator/import/gnu/arm/5.4.1/bin/../lib/gcc/arm-none-eabi/5.4.1/../../../../arm-none-eabi/lib/armv7-m\libg_nano.a(lib_a-sprintf.o)
 .ARM.attributes